Archive member included to satisfy reference by file (symbol)

/usr/lib/gcc/arm-none-eabi/6.3.1/../../../arm-none-eabi/lib/thumb/v7e-m/fpv5/hard/libc_nano.a(lib_a-atexit.o)
                              /usr/lib/gcc/arm-none-eabi/6.3.1/../../../arm-none-eabi/lib/thumb/v7e-m/fpv5/hard/crt0.o (atexit)
/usr/lib/gcc/arm-none-eabi/6.3.1/../../../arm-none-eabi/lib/thumb/v7e-m/fpv5/hard/libc_nano.a(lib_a-atoi.o)
                              build/netif.o (atoi)
/usr/lib/gcc/arm-none-eabi/6.3.1/../../../arm-none-eabi/lib/thumb/v7e-m/fpv5/hard/libc_nano.a(lib_a-ctype_.o)
                              build/ip4_addr.o (__ctype_ptr__)
/usr/lib/gcc/arm-none-eabi/6.3.1/../../../arm-none-eabi/lib/thumb/v7e-m/fpv5/hard/libc_nano.a(lib_a-exit.o)
                              /usr/lib/gcc/arm-none-eabi/6.3.1/../../../arm-none-eabi/lib/thumb/v7e-m/fpv5/hard/crt0.o (exit)
/usr/lib/gcc/arm-none-eabi/6.3.1/../../../arm-none-eabi/lib/thumb/v7e-m/fpv5/hard/libc_nano.a(lib_a-fini.o)
                              /usr/lib/gcc/arm-none-eabi/6.3.1/../../../arm-none-eabi/lib/thumb/v7e-m/fpv5/hard/crt0.o (__libc_fini_array)
/usr/lib/gcc/arm-none-eabi/6.3.1/../../../arm-none-eabi/lib/thumb/v7e-m/fpv5/hard/libc_nano.a(lib_a-impure.o)
                              /usr/lib/gcc/arm-none-eabi/6.3.1/../../../arm-none-eabi/lib/thumb/v7e-m/fpv5/hard/libc_nano.a(lib_a-exit.o) (_global_impure_ptr)
/usr/lib/gcc/arm-none-eabi/6.3.1/../../../arm-none-eabi/lib/thumb/v7e-m/fpv5/hard/libc_nano.a(lib_a-init.o)
                              /usr/lib/gcc/arm-none-eabi/6.3.1/../../../arm-none-eabi/lib/thumb/v7e-m/fpv5/hard/crt0.o (__libc_init_array)
/usr/lib/gcc/arm-none-eabi/6.3.1/../../../arm-none-eabi/lib/thumb/v7e-m/fpv5/hard/libc_nano.a(lib_a-malloc.o)
                              build/usbd_cdc.o (malloc)
/usr/lib/gcc/arm-none-eabi/6.3.1/../../../arm-none-eabi/lib/thumb/v7e-m/fpv5/hard/libc_nano.a(lib_a-memcmp.o)
                              build/bridgeif_fdb.o (memcmp)
/usr/lib/gcc/arm-none-eabi/6.3.1/../../../arm-none-eabi/lib/thumb/v7e-m/fpv5/hard/libc_nano.a(lib_a-memcpy.o)
                              build/ethernetif.o (memcpy)
/usr/lib/gcc/arm-none-eabi/6.3.1/../../../arm-none-eabi/lib/thumb/v7e-m/fpv5/hard/libc_nano.a(lib_a-memmove.o)
                              build/def.o (memmove)
/usr/lib/gcc/arm-none-eabi/6.3.1/../../../arm-none-eabi/lib/thumb/v7e-m/fpv5/hard/libc_nano.a(lib_a-memset.o)
                              /usr/lib/gcc/arm-none-eabi/6.3.1/../../../arm-none-eabi/lib/thumb/v7e-m/fpv5/hard/crt0.o (memset)
/usr/lib/gcc/arm-none-eabi/6.3.1/../../../arm-none-eabi/lib/thumb/v7e-m/fpv5/hard/libc_nano.a(lib_a-nano-freer.o)
                              /usr/lib/gcc/arm-none-eabi/6.3.1/../../../arm-none-eabi/lib/thumb/v7e-m/fpv5/hard/libc_nano.a(lib_a-malloc.o) (_free_r)
/usr/lib/gcc/arm-none-eabi/6.3.1/../../../arm-none-eabi/lib/thumb/v7e-m/fpv5/hard/libc_nano.a(lib_a-nano-mallocr.o)
                              /usr/lib/gcc/arm-none-eabi/6.3.1/../../../arm-none-eabi/lib/thumb/v7e-m/fpv5/hard/libc_nano.a(lib_a-malloc.o) (_malloc_r)
/usr/lib/gcc/arm-none-eabi/6.3.1/../../../arm-none-eabi/lib/thumb/v7e-m/fpv5/hard/libc_nano.a(lib_a-nano-vfprintf_float.o)
                              (_printf_float)
/usr/lib/gcc/arm-none-eabi/6.3.1/../../../arm-none-eabi/lib/thumb/v7e-m/fpv5/hard/libc_nano.a(lib_a-nano-vfprintf_i.o)
                              /usr/lib/gcc/arm-none-eabi/6.3.1/../../../arm-none-eabi/lib/thumb/v7e-m/fpv5/hard/libc_nano.a(lib_a-nano-vfprintf_float.o) (_printf_common)
/usr/lib/gcc/arm-none-eabi/6.3.1/../../../arm-none-eabi/lib/thumb/v7e-m/fpv5/hard/libc_nano.a(lib_a-nano-vfscanf_float.o)
                              (_scanf_float)
/usr/lib/gcc/arm-none-eabi/6.3.1/../../../arm-none-eabi/lib/thumb/v7e-m/fpv5/hard/libc_nano.a(lib_a-printf.o)
                              build/ethernetif.o (printf)
/usr/lib/gcc/arm-none-eabi/6.3.1/../../../arm-none-eabi/lib/thumb/v7e-m/fpv5/hard/libc_nano.a(lib_a-rand.o)
                              build/tcp.o (rand)
/usr/lib/gcc/arm-none-eabi/6.3.1/../../../arm-none-eabi/lib/thumb/v7e-m/fpv5/hard/libc_nano.a(lib_a-sbrkr.o)
                              /usr/lib/gcc/arm-none-eabi/6.3.1/../../../arm-none-eabi/lib/thumb/v7e-m/fpv5/hard/libc_nano.a(lib_a-nano-mallocr.o) (_sbrk_r)
/usr/lib/gcc/arm-none-eabi/6.3.1/../../../arm-none-eabi/lib/thumb/v7e-m/fpv5/hard/libc_nano.a(lib_a-sf_nan.o)
                              /usr/lib/gcc/arm-none-eabi/6.3.1/../../../arm-none-eabi/lib/thumb/v7e-m/fpv5/hard/libc_nano.a(lib_a-nano-vfscanf_float.o) (nanf)
/usr/lib/gcc/arm-none-eabi/6.3.1/../../../arm-none-eabi/lib/thumb/v7e-m/fpv5/hard/libc_nano.a(lib_a-sprintf.o)
                              /usr/lib/gcc/arm-none-eabi/6.3.1/../../../arm-none-eabi/lib/thumb/v7e-m/fpv5/hard/libc_nano.a(lib_a-nano-vfscanf_float.o) (sprintf)
/usr/lib/gcc/arm-none-eabi/6.3.1/../../../arm-none-eabi/lib/thumb/v7e-m/fpv5/hard/libc_nano.a(lib_a-strlen.o)
                              build/pbuf.o (strlen)
[...]
Memory Configuration

Name             Origin             Length             Attributes
RAM              0x0000000020000000 0x0000000000080000 xrw
FLASH            0x0000000008000000 0x0000000000200000 xr
*default*        0x0000000000000000 0xffffffffffffffff

Linker script and memory map

LOAD /usr/lib/gcc/arm-none-eabi/6.3.1/thumb/v7e-m/fpv5/hard/crti.o
LOAD /usr/lib/gcc/arm-none-eabi/6.3.1/thumb/v7e-m/fpv5/hard/crtbegin.o
LOAD /usr/lib/gcc/arm-none-eabi/6.3.1/../../../arm-none-eabi/lib/thumb/v7e-m/fpv5/hard/crt0.o
LOAD build/gpio.o
LOAD build/usart.o
LOAD build/stm32f7xx_it.o
LOAD build/stm32f7xx_hal_msp.o
LOAD build/lwip.o
LOAD build/ethernetif.o
LOAD build/usb_device.o
LOAD build/usbd_desc.o
LOAD build/usbd_cdc_if.o
LOAD build/usbd_conf.o
LOAD build/stm32f7xx_hal_eth.o
LOAD build/stm32f7xx_hal_rcc.o
LOAD build/stm32f7xx_hal_rcc_ex.o
LOAD build/stm32f7xx_hal_flash.o
LOAD build/stm32f7xx_hal_flash_ex.o
LOAD build/stm32f7xx_hal_gpio.o
LOAD build/stm32f7xx_hal_dma.o
LOAD build/stm32f7xx_hal_dma_ex.o
LOAD build/stm32f7xx_hal_pwr.o
LOAD build/stm32f7xx_hal_pwr_ex.o
LOAD build/stm32f7xx_hal_cortex.o
LOAD build/stm32f7xx_hal.o
LOAD build/stm32f7xx_hal_i2c.o
LOAD build/stm32f7xx_hal_i2c_ex.o
LOAD build/stm32f7xx_hal_exti.o
LOAD build/stm32f7xx_hal_pcd.o
LOAD build/stm32f7xx_hal_pcd_ex.o
LOAD build/stm32f7xx_ll_usb.o
LOAD build/stm32f7xx_hal_tim.o
LOAD build/stm32f7xx_hal_tim_ex.o
LOAD build/stm32f7xx_hal_uart.o
LOAD build/stm32f7xx_hal_uart_ex.o
LOAD build/system_stm32f7xx.o
LOAD build/auth.o
LOAD build/ccp.o
LOAD build/chap_ms.o
LOAD build/chap-md5.o
LOAD build/chap-new.o
LOAD build/demand.o
LOAD build/eap.o
LOAD build/eui64.o
LOAD build/fsm.o
LOAD build/ipcp.o
LOAD build/ipv6cp.o
LOAD build/lcp.o
LOAD build/magic.o
LOAD build/mppe.o
LOAD build/multilink.o
LOAD build/ppp.o
LOAD build/pppapi.o
LOAD build/pppcrypt.o
LOAD build/pppoe.o
LOAD build/pppol2tp.o
LOAD build/pppos.o
LOAD build/upap.o
LOAD build/utils.o
LOAD build/vj.o
LOAD build/bridgeif.o
LOAD build/bridgeif_fdb.o
LOAD build/ethernet.o
LOAD build/lowpan6.o
LOAD build/lowpan6_ble.o
LOAD build/lowpan6_common.o
LOAD build/slipif.o
LOAD build/zepif.o
LOAD build/ecp.o
LOAD build/err.o
LOAD build/if_api.o
LOAD build/api_msg.o
LOAD build/netbuf.o
LOAD build/api_lib.o
LOAD build/netifapi.o
LOAD build/sockets.o
LOAD build/netdb.o
LOAD build/tcpip.o
LOAD build/raw.o
LOAD build/tcp.o
LOAD build/pbuf.o
LOAD build/timeouts.o
LOAD build/ip.o
LOAD build/inet_chksum.o
LOAD build/tcp_out.o
LOAD build/netif.o
LOAD build/altcp_tcp.o
LOAD build/dns.o
LOAD build/altcp.o
LOAD build/memp.o
LOAD build/udp.o
LOAD build/stats.o
LOAD build/tcp_in.o
LOAD build/def.o
LOAD build/altcp_alloc.o
LOAD build/sys.o
LOAD build/init.o
LOAD build/mem.o
LOAD build/ip4_frag.o
LOAD build/autoip.o
LOAD build/dhcp.o
LOAD build/ip4.o
LOAD build/icmp.o
LOAD build/etharp.o
LOAD build/ip4_addr.o
LOAD build/igmp.o
LOAD build/icmp6.o
LOAD build/ip6.o
LOAD build/inet6.o
LOAD build/dhcp6.o
LOAD build/nd6.o
LOAD build/mld6.o
LOAD build/ip6_addr.o
LOAD build/ethip6.o
LOAD build/ip6_frag.o
LOAD build/mqtt.o
LOAD build/usbd_core.o
LOAD build/usbd_ctlreq.o
LOAD build/usbd_ioreq.o
LOAD build/usbd_cdc.o
LOAD build/startup_stm32f767xx.o
LOAD build/main.o
LOAD /usr/lib/gcc/arm-none-eabi/6.3.1/../../../arm-none-eabi/lib/thumb/v7e-m/fpv5/hard/libc_nano.a
LOAD /usr/lib/gcc/arm-none-eabi/6.3.1/../../../arm-none-eabi/lib/thumb/v7e-m/fpv5/hard/librdimon_nano.a
LOAD /usr/lib/gcc/arm-none-eabi/6.3.1/../../../arm-none-eabi/lib/thumb/v7e-m/fpv5/hard/libc_nano.a
LOAD /usr/lib/gcc/arm-none-eabi/6.3.1/../../../arm-none-eabi/lib/thumb/v7e-m/fpv5/hard/libm.a
LOAD /usr/lib/gcc/arm-none-eabi/6.3.1/../../../arm-none-eabi/lib/thumb/v7e-m/fpv5/hard/libnosys.a
START GROUP
LOAD /usr/lib/gcc/arm-none-eabi/6.3.1/thumb/v7e-m/fpv5/hard/libgcc.a
LOAD /usr/lib/gcc/arm-none-eabi/6.3.1/../../../arm-none-eabi/lib/thumb/v7e-m/fpv5/hard/libc_nano.a
END GROUP
START GROUP
LOAD /usr/lib/gcc/arm-none-eabi/6.3.1/thumb/v7e-m/fpv5/hard/libgcc.a
LOAD /usr/lib/gcc/arm-none-eabi/6.3.1/../../../arm-none-eabi/lib/thumb/v7e-m/fpv5/hard/libc_nano.a
LOAD /usr/lib/gcc/arm-none-eabi/6.3.1/../../../arm-none-eabi/lib/thumb/v7e-m/fpv5/hard/libnosys.a
END GROUP
START GROUP
LOAD /usr/lib/gcc/arm-none-eabi/6.3.1/thumb/v7e-m/fpv5/hard/libgcc.a
LOAD /usr/lib/gcc/arm-none-eabi/6.3.1/../../../arm-none-eabi/lib/thumb/v7e-m/fpv5/hard/libc_nano.a
LOAD /usr/lib/gcc/arm-none-eabi/6.3.1/../../../arm-none-eabi/lib/thumb/v7e-m/fpv5/hard/libnosys.a
END GROUP
LOAD /usr/lib/gcc/arm-none-eabi/6.3.1/thumb/v7e-m/fpv5/hard/crtend.o
LOAD /usr/lib/gcc/arm-none-eabi/6.3.1/thumb/v7e-m/fpv5/hard/crtn.o
                0x0000000020080000                _estack = 0x20080000
                0x0000000000000200                _Min_Heap_Size = 0x200
                0x0000000000000400                _Min_Stack_Size = 0x400

.isr_vector     0x0000000008000000      0x1f8
                0x0000000008000000                . = ALIGN (0x4)
 *(.isr_vector)
 .isr_vector    0x0000000008000000      0x1f8 build/startup_stm32f767xx.o
                0x0000000008000000                g_pfnVectors
                0x00000000080001f8                . = ALIGN (0x4)

.text           0x0000000008000200    0x14814
                0x0000000008000200                . = ALIGN (0x4)
 *(.text)
 .text          0x0000000008000200       0xa4 /usr/lib/gcc/arm-none-eabi/6.3.1/thumb/v7e-m/fpv5/hard/crtbegin.o
 .text          0x00000000080002a4       0x50 /usr/lib/gcc/arm-none-eabi/6.3.1/../../../arm-none-eabi/lib/thumb/v7e-m/fpv5/hard/libc_nano.a(lib_a-init.o)
                0x00000000080002a4                __libc_init_array
 .text          0x00000000080002f4       0x20 /usr/lib/gcc/arm-none-eabi/6.3.1/../../../arm-none-eabi/lib/thumb/v7e-m/fpv5/hard/libc_nano.a(lib_a-malloc.o)
                0x00000000080002f4                malloc
                0x0000000008000304                free
 .text          0x0000000008000314       0x60 /usr/lib/gcc/arm-none-eabi/6.3.1/../../../arm-none-eabi/lib/thumb/v7e-m/fpv5/hard/libc_nano.a(lib_a-memcmp.o)
                0x0000000008000314                memcmp
 .text          0x0000000008000374      0x134 /usr/lib/gcc/arm-none-eabi/6.3.1/../../../arm-none-eabi/lib/thumb/v7e-m/fpv5/hard/libc_nano.a(lib_a-memcpy.o)
                0x0000000008000374                memcpy
 .text          0x00000000080004a8       0xc8 /usr/lib/gcc/arm-none-eabi/6.3.1/../../../arm-none-eabi/lib/thumb/v7e-m/fpv5/hard/libc_nano.a(lib_a-memmove.o)
                0x00000000080004a8                memmove
 .text          0x0000000008000570       0x9c /usr/lib/gcc/arm-none-eabi/6.3.1/../../../arm-none-eabi/lib/thumb/v7e-m/fpv5/hard/libc_nano.a(lib_a-memset.o)
                0x0000000008000570                memset
 .text          0x000000000800060c       0x90 /usr/lib/gcc/arm-none-eabi/6.3.1/../../../arm-none-eabi/lib/thumb/v7e-m/fpv5/hard/libc_nano.a(lib_a-nano-freer.o)
                0x000000000800060c                _free_r
 .text          0x000000000800069c       0xbc /usr/lib/gcc/arm-none-eabi/6.3.1/../../../arm-none-eabi/lib/thumb/v7e-m/fpv5/hard/libc_nano.a(lib_a-nano-mallocr.o)
                0x000000000800069c                _malloc_r
 .text          0x0000000008000758      0x6a0 /usr/lib/gcc/arm-none-eabi/6.3.1/../../../arm-none-eabi/lib/thumb/v7e-m/fpv5/hard/libc_nano.a(lib_a-nano-vfprintf_float.o)
                0x0000000008000758                __cvt
                0x0000000008000850                __exponent
                0x00000000080008e4                _printf_float
 .text          0x0000000008000df8      0x3d4 /usr/lib/gcc/arm-none-eabi/6.3.1/../../../arm-none-eabi/lib/thumb/v7e-m/fpv5/hard/libc_nano.a(lib_a-nano-vfprintf_i.o)
                0x0000000008000df8                _printf_common
                0x0000000008000f2c                _printf_i
 .text          0x00000000080011cc      0x478 /usr/lib/gcc/arm-none-eabi/6.3.1/../../../arm-none-eabi/lib/thumb/v7e-m/fpv5/hard/libc_nano.a(lib_a-nano-vfscanf_float.o)
                0x00000000080011cc                _scanf_float
 .text          0x0000000008001644       0x60 /usr/lib/gcc/arm-none-eabi/6.3.1/../../../arm-none-eabi/lib/thumb/v7e-m/fpv5/hard/libc_nano.a(lib_a-printf.o)
                0x0000000008001644                _printf_r
                0x0000000008001644                _iprintf_r
                0x0000000008001670                printf
                0x0000000008001670                iprintf
 *fill*         0x00000000080016a4        0x4 
 .text          0x00000000080016a8       0xe4 /usr/lib/gcc/arm-none-eabi/6.3.1/../../../arm-none-eabi/lib/thumb/v7e-m/fpv5/hard/libc_nano.a(lib_a-rand.o)
                0x00000000080016a8                srand
                0x0000000008001700                rand
 .text          0x000000000800178c       0x24 /usr/lib/gcc/arm-none-eabi/6.3.1/../../../arm-none-eabi/lib/thumb/v7e-m/fpv5/hard/libc_nano.a(lib_a-sbrkr.o)
                0x000000000800178c                _sbrk_r
 .text          0x00000000080017b0        0xc /usr/lib/gcc/arm-none-eabi/6.3.1/../../../arm-none-eabi/lib/thumb/v7e-m/fpv5/hard/libc_nano.a(lib_a-sf_nan.o)
                0x00000000080017b0                nanf
 .text          0x00000000080017bc       0x90 /usr/lib/gcc/arm-none-eabi/6.3.1/../../../arm-none-eabi/lib/thumb/v7e-m/fpv5/hard/libc_nano.a(lib_a-sprintf.o)
                0x00000000080017bc                _siprintf_r
                0x00000000080017bc                _sprintf_r
                0x0000000008001800                sprintf
                0x0000000008001800                siprintf
 *fill*         0x000000000800184c       0x34 
 .text          0x0000000008001880       0xdc /usr/lib/gcc/arm-none-eabi/6.3.1/../../../arm-none-eabi/lib/thumb/v7e-m/fpv5/hard/libc_nano.a(lib_a-strlen.o)
                0x0000000008001880                strlen
 .text          0x000000000800195c       0xa4 /usr/lib/gcc/arm-none-eabi/6.3.1/../../../arm-none-eabi/lib/thumb/v7e-m/fpv5/hard/libc_nano.a(lib_a-strncmp.o)
                0x000000000800195c                strncmp
 .text          0x0000000008001a00      0xef0 /usr/lib/gcc/arm-none-eabi/6.3.1/../../../arm-none-eabi/lib/thumb/v7e-m/fpv5/hard/libc_nano.a(lib_a-strtod.o)
                0x0000000008001a34                _strtod_r
                0x00000000080028b4                strtod
                0x00000000080028c4                strtof
 .text          0x00000000080028f0      0x128 /usr/lib/gcc/arm-none-eabi/6.3.1/../../../arm-none-eabi/lib/thumb/v7e-m/fpv5/hard/libc_nano.a(lib_a-strtol.o)
                0x00000000080028f0                _strtol_r
                0x0000000008002a00                strtol
 .text          0x0000000008002a18      0xdbc /usr/lib/gcc/arm-none-eabi/6.3.1/../../../arm-none-eabi/lib/thumb/v7e-m/fpv5/hard/libc_nano.a(lib_a-dtoa.o)
                0x0000000008002b40                _dtoa_r
 .text          0x00000000080037d4      0x230 /usr/lib/gcc/arm-none-eabi/6.3.1/../../../arm-none-eabi/lib/thumb/v7e-m/fpv5/hard/libc_nano.a(lib_a-findfp.o)
                0x00000000080037d8                _cleanup_r
                0x00000000080037e8                __sfmoreglue
                0x0000000008003818                __sfp
                0x00000000080039b0                _cleanup
                0x00000000080039c4                __sinit
                0x00000000080039cc                __sfp_lock_acquire
                0x00000000080039d0                __sfp_lock_release
                0x00000000080039d4                __sinit_lock_acquire
                0x00000000080039d8                __sinit_lock_release
                0x00000000080039dc                __fp_lock_all
                0x00000000080039f0                __fp_unlock_all
 .text          0x0000000008003a04       0xa0 /usr/lib/gcc/arm-none-eabi/6.3.1/../../../arm-none-eabi/lib/thumb/v7e-m/fpv5/hard/libc_nano.a(lib_a-fwalk.o)
                0x0000000008003a04                _fwalk
                0x0000000008003a50                _fwalk_reent
 .text          0x0000000008003aa4      0x5ac /usr/lib/gcc/arm-none-eabi/6.3.1/../../../arm-none-eabi/lib/thumb/v7e-m/fpv5/hard/libc_nano.a(lib_a-gdtoa-gethex.o)
                0x0000000008003b3c                __gethex
 .text          0x0000000008004050      0x1b4 /usr/lib/gcc/arm-none-eabi/6.3.1/../../../arm-none-eabi/lib/thumb/v7e-m/fpv5/hard/libc_nano.a(lib_a-gdtoa-hexnan.o)
                0x0000000008004050                __match
                0x0000000008004080                __hexnan
 .text          0x0000000008004204       0x80 /usr/lib/gcc/arm-none-eabi/6.3.1/../../../arm-none-eabi/lib/thumb/v7e-m/fpv5/hard/libc_nano.a(lib_a-locale.o)
                0x0000000008004204                _setlocale_r
                0x0000000008004244                __locale_charset
                0x000000000800424c                __locale_mb_cur_max
                0x0000000008004258                __locale_msgcharset
                0x0000000008004260                __locale_cjk_lang
                0x0000000008004264                _localeconv_r
                0x000000000800426c                setlocale
                0x000000000800427c                localeconv
 *fill*         0x0000000008004284        0xc 
 .text          0x0000000008004290       0xa0 /usr/lib/gcc/arm-none-eabi/6.3.1/../../../arm-none-eabi/lib/thumb/v7e-m/fpv5/hard/libc_nano.a(lib_a-memchr.o)
                0x0000000008004290                memchr
 .text          0x0000000008004330      0x934 /usr/lib/gcc/arm-none-eabi/6.3.1/../../../arm-none-eabi/lib/thumb/v7e-m/fpv5/hard/libc_nano.a(lib_a-mprec.o)
                0x0000000008004330                _Balloc
                0x0000000008004398                _Bfree
                0x00000000080043d0                __multadd
                0x000000000800444c                __s2b
                0x00000000080044e8                __hi0bits
                0x0000000008004528                __lo0bits
                0x0000000008004588                __i2b
                0x000000000800459c                __multiply
                0x00000000080046c0                __pow5mult
                0x0000000008004778                __lshift
                0x0000000008004820                __mcmp
                0x0000000008004858                __mdiff
                0x0000000008004960                __ulp
                0x00000000080049b4                __b2d
                0x0000000008004a78                __d2b
                0x0000000008004b34                __ratio
                0x0000000008004b94                _mprec_log10
                0x0000000008004bbc                __copybits
                0x0000000008004c04                __any_on
 .text          0x0000000008004c64       0x1c /usr/lib/gcc/arm-none-eabi/6.3.1/../../../arm-none-eabi/lib/thumb/v7e-m/fpv5/hard/libc_nano.a(lib_a-nano-callocr.o)
                0x0000000008004c64                _calloc_r
 .text          0x0000000008004c80      0x3ec /usr/lib/gcc/arm-none-eabi/6.3.1/../../../arm-none-eabi/lib/thumb/v7e-m/fpv5/hard/libc_nano.a(lib_a-nano-svfprintf.o)
                0x0000000008004c80                __ssputs_r
                0x0000000008004d44                __ssprint_r
                0x0000000008004e40                _svfprintf_r
                0x0000000008004e40                _svfiprintf_r
 .text          0x000000000800506c      0x2f8 /usr/lib/gcc/arm-none-eabi/6.3.1/../../../arm-none-eabi/lib/thumb/v7e-m/fpv5/hard/libc_nano.a(lib_a-nano-vfprintf.o)
                0x00000000080050a0                __sfputs_r
                0x00000000080050cc                __sprint_r
                0x00000000080050e8                _vfiprintf_r
                0x00000000080050e8                _vfprintf_r
                0x000000000800534c                vfiprintf
                0x000000000800534c                vfprintf
 .text          0x0000000008005364       0x8c /usr/lib/gcc/arm-none-eabi/6.3.1/../../../arm-none-eabi/lib/thumb/v7e-m/fpv5/hard/libc_nano.a(lib_a-stdio.o)
                0x0000000008005364                __sread
                0x0000000008005388                __seofread
                0x000000000800538c                __swrite
                0x00000000080053c8                __sseek
                0x00000000080053e8                __sclose
 *fill*         0x00000000080053f0       0x10 
 .text          0x0000000008005400      0x2dc /usr/lib/gcc/arm-none-eabi/6.3.1/../../../arm-none-eabi/lib/thumb/v7e-m/fpv5/hard/libc_nano.a(lib_a-strcmp.o)
                0x0000000008005408                strcmp
 .text          0x00000000080056dc       0xc4 /usr/lib/gcc/arm-none-eabi/6.3.1/../../../arm-none-eabi/lib/thumb/v7e-m/fpv5/hard/libc_nano.a(lib_a-wbuf.o)
                0x00000000080056dc                __swbuf_r
                0x0000000008005790                __swbuf
 .text          0x00000000080057a0       0x2c /usr/lib/gcc/arm-none-eabi/6.3.1/../../../arm-none-eabi/lib/thumb/v7e-m/fpv5/hard/libc_nano.a(lib_a-writer.o)
                0x00000000080057a0                _write_r
 .text          0x00000000080057cc       0xf4 /usr/lib/gcc/arm-none-eabi/6.3.1/../../../arm-none-eabi/lib/thumb/v7e-m/fpv5/hard/libc_nano.a(lib_a-wsetup.o)
                0x00000000080057cc                __swsetup_r
 .text          0x00000000080058c0       0x24 /usr/lib/gcc/arm-none-eabi/6.3.1/../../../arm-none-eabi/lib/thumb/v7e-m/fpv5/hard/libc_nano.a(lib_a-closer.o)
                0x00000000080058c0                _close_r
 .text          0x00000000080058e4      0x1b0 /usr/lib/gcc/arm-none-eabi/6.3.1/../../../arm-none-eabi/lib/thumb/v7e-m/fpv5/hard/libc_nano.a(lib_a-fflush.o)
                0x00000000080058e4                __sflush_r
                0x0000000008005a0c                _fflush_r
                0x0000000008005a70                fflush
 .text          0x0000000008005a94      0x2f0 /usr/lib/gcc/arm-none-eabi/6.3.1/../../../arm-none-eabi/lib/thumb/v7e-m/fpv5/hard/libc_nano.a(lib_a-fvwrite.o)
                0x0000000008005a94                __sfvwrite_r
 .text          0x0000000008005d84       0x2c /usr/lib/gcc/arm-none-eabi/6.3.1/../../../arm-none-eabi/lib/thumb/v7e-m/fpv5/hard/libc_nano.a(lib_a-lseekr.o)
                0x0000000008005d84                _lseek_r
 .text          0x0000000008005db0       0xe4 /usr/lib/gcc/arm-none-eabi/6.3.1/../../../arm-none-eabi/lib/thumb/v7e-m/fpv5/hard/libc_nano.a(lib_a-makebuf.o)
                0x0000000008005db0                __swhatbuf_r
                0x0000000008005e0c                __smakebuf_r
 .text          0x0000000008005e94       0x50 /usr/lib/gcc/arm-none-eabi/6.3.1/../../../arm-none-eabi/lib/thumb/v7e-m/fpv5/hard/libc_nano.a(lib_a-nano-reallocr.o)
                0x0000000008005e94                _realloc_r
 .text          0x0000000008005ee4       0x2c /usr/lib/gcc/arm-none-eabi/6.3.1/../../../arm-none-eabi/lib/thumb/v7e-m/fpv5/hard/libc_nano.a(lib_a-readr.o)
                0x0000000008005ee4                _read_r
 .text          0x0000000008005f10       0x28 /usr/lib/gcc/arm-none-eabi/6.3.1/../../../arm-none-eabi/lib/thumb/v7e-m/fpv5/hard/libc_nano.a(lib_a-fstatr.o)
                0x0000000008005f10                _fstat_r
 .text          0x0000000008005f38       0x24 /usr/lib/gcc/arm-none-eabi/6.3.1/../../../arm-none-eabi/lib/thumb/v7e-m/fpv5/hard/libc_nano.a(lib_a-isattyr.o)
                0x0000000008005f38                _isatty_r
 .text          0x0000000008005f5c       0x14 /usr/lib/gcc/arm-none-eabi/6.3.1/../../../arm-none-eabi/lib/thumb/v7e-m/fpv5/hard/libc_nano.a(lib_a-nano-msizer.o)
                0x0000000008005f5c                _malloc_usable_size_r
 .text          0x0000000008005f70      0x664 /usr/lib/gcc/arm-none-eabi/6.3.1/../../../arm-none-eabi/lib/thumb/v7e-m/fpv5/hard/librdimon_nano.a(rdimon-syscalls.o)
                0x0000000008005fc4                initialise_monitor_handles
                0x0000000008006058                _swiread
                0x0000000008006080                _read
                0x00000000080060d0                _swilseek
                0x0000000008006164                _lseek
                0x0000000008006168                _swiwrite
                0x0000000008006190                _write
                0x0000000008006204                _swiclose
                0x000000000800622c                _close
                0x0000000008006290                _getpid
                0x0000000008006294                _sbrk
                0x00000000080062e4                _swistat
                0x000000000800632c                _fstat
                0x0000000008006348                _stat
                0x0000000008006384                _swiopen
                0x000000000800645c                _open
                0x0000000008006470                _link
                0x0000000008006480                _unlink
                0x00000000080064c0                _gettimeofday
                0x00000000080064e4                _clock
                0x00000000080064f8                _times
                0x0000000008006518                _isatty
                0x0000000008006554                _system
                0x0000000008006598                _rename
 .text          0x00000000080065d4        0x8 /usr/lib/gcc/arm-none-eabi/6.3.1/../../../arm-none-eabi/lib/thumb/v7e-m/fpv5/hard/librdimon_nano.a(rdimon-_exit.o)
                0x00000000080065d4                _exit
 .text          0x00000000080065dc       0x20 /usr/lib/gcc/arm-none-eabi/6.3.1/../../../arm-none-eabi/lib/thumb/v7e-m/fpv5/hard/librdimon_nano.a(rdimon-_kill.o)
                0x00000000080065dc                _kill
 .text          0x00000000080065fc        0xc /usr/lib/gcc/arm-none-eabi/6.3.1/../../../arm-none-eabi/lib/thumb/v7e-m/fpv5/hard/libc_nano.a(lib_a-errno.o)
                0x00000000080065fc                __errno
 .text          0x0000000008006608       0x30 /usr/lib/gcc/arm-none-eabi/6.3.1/thumb/v7e-m/fpv5/hard/libgcc.a(_aeabi_uldivmod.o)
                0x0000000008006608                __aeabi_uldivmod
 .text          0x0000000008006638      0x2dc /usr/lib/gcc/arm-none-eabi/6.3.1/thumb/v7e-m/fpv5/hard/libgcc.a(_udivmoddi4.o)
                0x0000000008006638                __udivmoddi4
 .text          0x0000000008006914      0x9cc /usr/lib/gcc/arm-none-eabi/6.3.1/thumb/v7e-m/fpv5/hard/libgcc.a(unwind-arm.o)
                0x0000000008006bd4                _Unwind_GetCFA
                0x0000000008006bd8                __gnu_Unwind_RaiseException
                0x0000000008006c38                __gnu_Unwind_ForcedUnwind
                0x0000000008006c4c                __gnu_Unwind_Resume
                0x0000000008006c90                __gnu_Unwind_Resume_or_Rethrow
                0x0000000008006ca0                _Unwind_Complete
                0x0000000008006ca4                _Unwind_DeleteException
                0x0000000008006cb0                _Unwind_VRS_Get
                0x0000000008006cfc                _Unwind_VRS_Set
                0x0000000008006d4c                __gnu_Unwind_Backtrace
                0x000000000800708c                __aeabi_unwind_cpp_pr0
                0x0000000008007090                __aeabi_unwind_cpp_pr1
                0x0000000008007094                __aeabi_unwind_cpp_pr2
                0x0000000008007098                _Unwind_VRS_Pop
 .text          0x00000000080072e0      0x1ac /usr/lib/gcc/arm-none-eabi/6.3.1/thumb/v7e-m/fpv5/hard/libgcc.a(libunwind.o)
                0x00000000080072e0                __restore_core_regs
                0x00000000080072e0                restore_core_regs
                0x00000000080072f8                __gnu_Unwind_Restore_VFP
                0x0000000008007300                __gnu_Unwind_Save_VFP
                0x0000000008007308                __gnu_Unwind_Restore_VFP_D
                0x0000000008007310                __gnu_Unwind_Save_VFP_D
                0x0000000008007318                __gnu_Unwind_Restore_VFP_D_16_to_31
                0x0000000008007320                __gnu_Unwind_Save_VFP_D_16_to_31
                0x0000000008007328                __gnu_Unwind_Restore_WMMXD
                0x000000000800736c                __gnu_Unwind_Save_WMMXD
                0x00000000080073b0                __gnu_Unwind_Restore_WMMXC
                0x00000000080073c4                __gnu_Unwind_Save_WMMXC
                0x00000000080073d8                ___Unwind_RaiseException
                0x00000000080073d8                _Unwind_RaiseException
                0x00000000080073fc                ___Unwind_Resume
                0x00000000080073fc                _Unwind_Resume
                0x0000000008007420                _Unwind_Resume_or_Rethrow
                0x0000000008007420                ___Unwind_Resume_or_Rethrow
                0x0000000008007444                ___Unwind_ForcedUnwind
                0x0000000008007444                _Unwind_ForcedUnwind
                0x0000000008007468                _Unwind_Backtrace
                0x0000000008007468                ___Unwind_Backtrace
 .text          0x000000000800748c      0x380 /usr/lib/gcc/arm-none-eabi/6.3.1/thumb/v7e-m/fpv5/hard/libgcc.a(pr-support.o)
                0x00000000080074e4                __gnu_unwind_execute
                0x00000000080077b4                __gnu_unwind_frame
                0x00000000080077dc                _Unwind_GetRegionStart
                0x00000000080077e8                _Unwind_GetLanguageSpecificData
                0x00000000080077fc                _Unwind_GetTextRelBase
                0x0000000008007804                _Unwind_GetDataRelBase
 .text          0x000000000800780c        0x4 /usr/lib/gcc/arm-none-eabi/6.3.1/thumb/v7e-m/fpv5/hard/libgcc.a(_dvmd_tls.o)
                0x000000000800780c                __aeabi_ldiv0
                0x000000000800780c                __aeabi_idiv0
 .text          0x0000000008007810       0x10 /usr/lib/gcc/arm-none-eabi/6.3.1/../../../arm-none-eabi/lib/thumb/v7e-m/fpv5/hard/libc_nano.a(lib_a-abort.o)
                0x0000000008007810                abort
 .text          0x0000000008007820      0x170 /usr/lib/gcc/arm-none-eabi/6.3.1/../../../arm-none-eabi/lib/thumb/v7e-m/fpv5/hard/libc_nano.a(lib_a-signal.o)
                0x0000000008007848                _init_signal_r
                0x0000000008007854                _signal_r
                0x0000000008007894                _raise_r
                0x00000000080078f4                __sigtramp_r
                0x000000000800794c                raise
                0x000000000800795c                signal
                0x000000000800796c                _init_signal
                0x0000000008007980                __sigtramp
 .text          0x0000000008007990       0x2c /usr/lib/gcc/arm-none-eabi/6.3.1/../../../arm-none-eabi/lib/thumb/v7e-m/fpv5/hard/libc_nano.a(lib_a-signalr.o)
                0x0000000008007990                _kill_r
                0x00000000080079b8                _getpid_r
 *(.text*)
 .text.MX_GPIO_Init
                0x00000000080079bc       0xfc build/gpio.o
                0x00000000080079bc                MX_GPIO_Init
 .text.MX_USART3_UART_Init
                0x0000000008007ab8       0x38 build/usart.o
                0x0000000008007ab8                MX_USART3_UART_Init
 .text.HAL_UART_MspInit
                0x0000000008007af0       0x6c build/usart.o
                0x0000000008007af0                HAL_UART_MspInit
 .text.NMI_Handler
                0x0000000008007b5c        0x2 build/stm32f7xx_it.o
                0x0000000008007b5c                NMI_Handler
 .text.HardFault_Handler
                0x0000000008007b5e        0x2 build/stm32f7xx_it.o
                0x0000000008007b5e                HardFault_Handler
 .text.MemManage_Handler
                0x0000000008007b60        0x2 build/stm32f7xx_it.o
                0x0000000008007b60                MemManage_Handler
 .text.BusFault_Handler
                0x0000000008007b62        0x2 build/stm32f7xx_it.o
                0x0000000008007b62                BusFault_Handler
 .text.UsageFault_Handler
                0x0000000008007b64        0x2 build/stm32f7xx_it.o
                0x0000000008007b64                UsageFault_Handler
 .text.SVC_Handler
                0x0000000008007b66        0x2 build/stm32f7xx_it.o
                0x0000000008007b66                SVC_Handler
 .text.DebugMon_Handler
                0x0000000008007b68        0x2 build/stm32f7xx_it.o
                0x0000000008007b68                DebugMon_Handler
 .text.PendSV_Handler
                0x0000000008007b6a        0x2 build/stm32f7xx_it.o
                0x0000000008007b6a                PendSV_Handler
 .text.SysTick_Handler
                0x0000000008007b6c        0x8 build/stm32f7xx_it.o
                0x0000000008007b6c                SysTick_Handler
 .text.OTG_FS_IRQHandler
                0x0000000008007b74       0x10 build/stm32f7xx_it.o
                0x0000000008007b74                OTG_FS_IRQHandler
 .text.HAL_MspInit
                0x0000000008007b84       0x30 build/stm32f7xx_hal_msp.o
                0x0000000008007b84                HAL_MspInit
 .text.MX_LWIP_Init
                0x0000000008007bb4       0x78 build/lwip.o
                0x0000000008007bb4                MX_LWIP_Init
 .text.low_level_output
                0x0000000008007c2c       0xbc build/ethernetif.o
 .text.low_level_init
                0x0000000008007ce8       0xfc build/ethernetif.o
 .text.HAL_ETH_MspInit
                0x0000000008007de4      0x110 build/ethernetif.o
                0x0000000008007de4                HAL_ETH_MspInit
 .text.ethernetif_init
                0x0000000008007ef4       0x48 build/ethernetif.o
                0x0000000008007ef4                ethernetif_init
 .text.sys_now  0x0000000008007f3c        0x8 build/ethernetif.o
                0x0000000008007f3c                sys_now
 .text.ethernetif_notify_conn_changed
                0x0000000008007f44        0x2 build/ethernetif.o
                0x0000000008007f44                ethernetif_notify_conn_changed
 *fill*         0x0000000008007f46        0x2 
 .text.ethernetif_update_config
                0x0000000008007f48       0xc8 build/ethernetif.o
                0x0000000008007f48                ethernetif_update_config
 .text.MX_USB_DEVICE_Init
                0x0000000008008010       0x54 build/usb_device.o
                0x0000000008008010                MX_USB_DEVICE_Init
 .text.USBD_FS_DeviceDescriptor
                0x0000000008008064        0xc build/usbd_desc.o
                0x0000000008008064                USBD_FS_DeviceDescriptor
 .text.USBD_FS_LangIDStrDescriptor
                0x0000000008008070        0xc build/usbd_desc.o
                0x0000000008008070                USBD_FS_LangIDStrDescriptor
 .text.USBD_FS_USR_BOSDescriptor
                0x000000000800807c        0xc build/usbd_desc.o
                0x000000000800807c                USBD_FS_USR_BOSDescriptor
 .text.IntToUnicode
                0x0000000008008088       0x36 build/usbd_desc.o
 *fill*         0x00000000080080be        0x2 
 .text.Get_SerialNum
                0x00000000080080c0       0x34 build/usbd_desc.o
 .text.USBD_FS_SerialStrDescriptor
                0x00000000080080f4       0x14 build/usbd_desc.o
                0x00000000080080f4                USBD_FS_SerialStrDescriptor
 .text.USBD_FS_ProductStrDescriptor
                0x0000000008008108       0x24 build/usbd_desc.o
                0x0000000008008108                USBD_FS_ProductStrDescriptor
 .text.USBD_FS_ManufacturerStrDescriptor
                0x000000000800812c       0x1c build/usbd_desc.o
                0x000000000800812c                USBD_FS_ManufacturerStrDescriptor
 .text.USBD_FS_ConfigStrDescriptor
                0x0000000008008148       0x24 build/usbd_desc.o
                0x0000000008008148                USBD_FS_ConfigStrDescriptor
 .text.USBD_FS_InterfaceStrDescriptor
                0x000000000800816c       0x24 build/usbd_desc.o
                0x000000000800816c                USBD_FS_InterfaceStrDescriptor
 .text.CDC_DeInit_FS
                0x0000000008008190        0x4 build/usbd_cdc_if.o
 .text.CDC_Control_FS
                0x0000000008008194        0x4 build/usbd_cdc_if.o
 .text.CDC_TransmitCplt_FS
                0x0000000008008198        0x4 build/usbd_cdc_if.o
 .text.CDC_Receive_FS
                0x000000000800819c       0x1c build/usbd_cdc_if.o
 .text.CDC_Init_FS
                0x00000000080081b8       0x28 build/usbd_cdc_if.o
 .text.SystemClockConfig_Resume
                0x00000000080081e0        0x8 build/usbd_conf.o
 .text.HAL_PCD_MspInit
                0x00000000080081e8       0xa0 build/usbd_conf.o
                0x00000000080081e8                HAL_PCD_MspInit
 .text.HAL_PCD_SetupStageCallback
                0x0000000008008288       0x10 build/usbd_conf.o
                0x0000000008008288                HAL_PCD_SetupStageCallback
 .text.HAL_PCD_DataOutStageCallback
                0x0000000008008298       0x18 build/usbd_conf.o
                0x0000000008008298                HAL_PCD_DataOutStageCallback
 .text.HAL_PCD_DataInStageCallback
                0x00000000080082b0       0x16 build/usbd_conf.o
                0x00000000080082b0                HAL_PCD_DataInStageCallback
 .text.HAL_PCD_SOFCallback
                0x00000000080082c6        0xc build/usbd_conf.o
                0x00000000080082c6                HAL_PCD_SOFCallback
 .text.HAL_PCD_ResetCallback
                0x00000000080082d2       0x2c build/usbd_conf.o
                0x00000000080082d2                HAL_PCD_ResetCallback
 *fill*         0x00000000080082fe        0x2 
 .text.HAL_PCD_SuspendCallback
                0x0000000008008300       0x30 build/usbd_conf.o
                0x0000000008008300                HAL_PCD_SuspendCallback
 .text.HAL_PCD_ResumeCallback
                0x0000000008008330        0xc build/usbd_conf.o
                0x0000000008008330                HAL_PCD_ResumeCallback
 .text.HAL_PCD_ISOOUTIncompleteCallback
                0x000000000800833c        0xc build/usbd_conf.o
                0x000000000800833c                HAL_PCD_ISOOUTIncompleteCallback
 .text.HAL_PCD_ISOINIncompleteCallback
                0x0000000008008348        0xc build/usbd_conf.o
                0x0000000008008348                HAL_PCD_ISOINIncompleteCallback
 .text.HAL_PCD_ConnectCallback
                0x0000000008008354        0xc build/usbd_conf.o
                0x0000000008008354                HAL_PCD_ConnectCallback
 .text.HAL_PCD_DisconnectCallback
                0x0000000008008360        0xc build/usbd_conf.o
                0x0000000008008360                HAL_PCD_DisconnectCallback
 .text.USBD_LL_Init
                0x000000000800836c       0x68 build/usbd_conf.o
                0x000000000800836c                USBD_LL_Init
 .text.USBD_LL_IsStallEP
                0x00000000080083d4       0x2e build/usbd_conf.o
                0x00000000080083d4                USBD_LL_IsStallEP
 .text.USBD_LL_GetRxDataSize
                0x0000000008008402        0xc build/usbd_conf.o
                0x0000000008008402                USBD_LL_GetRxDataSize
 *fill*         0x000000000800840e        0x2 
 .text.HAL_PCDEx_LPM_Callback
                0x0000000008008410       0x64 build/usbd_conf.o
                0x0000000008008410                HAL_PCDEx_LPM_Callback
 .text.USBD_Get_USB_Status
                0x0000000008008474       0x12 build/usbd_conf.o
                0x0000000008008474                USBD_Get_USB_Status
 .text.USBD_LL_Start
                0x0000000008008486       0x10 build/usbd_conf.o
                0x0000000008008486                USBD_LL_Start
 .text.USBD_LL_OpenEP
                0x0000000008008496       0x16 build/usbd_conf.o
                0x0000000008008496                USBD_LL_OpenEP
 .text.USBD_LL_CloseEP
                0x00000000080084ac       0x10 build/usbd_conf.o
                0x00000000080084ac                USBD_LL_CloseEP
 .text.USBD_LL_StallEP
                0x00000000080084bc       0x10 build/usbd_conf.o
                0x00000000080084bc                USBD_LL_StallEP
 .text.USBD_LL_ClearStallEP
                0x00000000080084cc       0x10 build/usbd_conf.o
                0x00000000080084cc                USBD_LL_ClearStallEP
 .text.USBD_LL_SetUSBAddress
                0x00000000080084dc       0x10 build/usbd_conf.o
                0x00000000080084dc                USBD_LL_SetUSBAddress
 .text.USBD_LL_Transmit
                0x00000000080084ec       0x10 build/usbd_conf.o
                0x00000000080084ec                USBD_LL_Transmit
 .text.USBD_LL_PrepareReceive
                0x00000000080084fc       0x10 build/usbd_conf.o
                0x00000000080084fc                USBD_LL_PrepareReceive
 .text.ETH_MACAddressConfig
                0x000000000800850c       0x30 build/stm32f7xx_hal_eth.o
 .text.ETH_DMATransmissionEnable
                0x000000000800853c       0x10 build/stm32f7xx_hal_eth.o
 .text.ETH_DMATransmissionDisable
                0x000000000800854c       0x10 build/stm32f7xx_hal_eth.o
 .text.ETH_DMAReceptionEnable
                0x000000000800855c       0x10 build/stm32f7xx_hal_eth.o
 .text.ETH_DMAReceptionDisable
                0x000000000800856c       0x10 build/stm32f7xx_hal_eth.o
 .text.ETH_MACDMAConfig
                0x000000000800857c      0x118 build/stm32f7xx_hal_eth.o
 .text.ETH_MACTransmissionEnable
                0x0000000008008694       0x2a build/stm32f7xx_hal_eth.o
 .text.ETH_MACReceptionEnable
                0x00000000080086be       0x2a build/stm32f7xx_hal_eth.o
 .text.ETH_FlushTransmitFIFO
                0x00000000080086e8       0x2e build/stm32f7xx_hal_eth.o
 .text.ETH_MACReceptionDisable
                0x0000000008008716       0x2a build/stm32f7xx_hal_eth.o
 .text.ETH_MACTransmissionDisable
                0x0000000008008740       0x2a build/stm32f7xx_hal_eth.o
 .text.HAL_ETH_DMATxDescListInit
                0x000000000800876a       0x72 build/stm32f7xx_hal_eth.o
                0x000000000800876a                HAL_ETH_DMATxDescListInit
 .text.HAL_ETH_DMARxDescListInit
                0x00000000080087dc       0x6c build/stm32f7xx_hal_eth.o
                0x00000000080087dc                HAL_ETH_DMARxDescListInit
 .text.HAL_ETH_TransmitFrame
                0x0000000008008848      0x124 build/stm32f7xx_hal_eth.o
                0x0000000008008848                HAL_ETH_TransmitFrame
 .text.HAL_ETH_ReadPHYRegister
                0x000000000800896c       0x78 build/stm32f7xx_hal_eth.o
                0x000000000800896c                HAL_ETH_ReadPHYRegister
 .text.HAL_ETH_WritePHYRegister
                0x00000000080089e4       0x74 build/stm32f7xx_hal_eth.o
                0x00000000080089e4                HAL_ETH_WritePHYRegister
 .text.HAL_ETH_Init
                0x0000000008008a58      0x254 build/stm32f7xx_hal_eth.o
                0x0000000008008a58                HAL_ETH_Init
 .text.HAL_ETH_Start
                0x0000000008008cac       0x44 build/stm32f7xx_hal_eth.o
                0x0000000008008cac                HAL_ETH_Start
 .text.HAL_ETH_Stop
                0x0000000008008cf0       0x44 build/stm32f7xx_hal_eth.o
                0x0000000008008cf0                HAL_ETH_Stop
 .text.HAL_ETH_ConfigMAC
                0x0000000008008d34      0x130 build/stm32f7xx_hal_eth.o
                0x0000000008008d34                HAL_ETH_ConfigMAC
 .text.HAL_RCC_OscConfig
                0x0000000008008e64      0x444 build/stm32f7xx_hal_rcc.o
                0x0000000008008e64                HAL_RCC_OscConfig
 .text.HAL_RCC_GetSysClockFreq
                0x00000000080092a8       0xd4 build/stm32f7xx_hal_rcc.o
                0x00000000080092a8                HAL_RCC_GetSysClockFreq
 .text.HAL_RCC_ClockConfig
                0x000000000800937c      0x168 build/stm32f7xx_hal_rcc.o
                0x000000000800937c                HAL_RCC_ClockConfig
 .text.HAL_RCC_GetHCLKFreq
                0x00000000080094e4        0xc build/stm32f7xx_hal_rcc.o
                0x00000000080094e4                HAL_RCC_GetHCLKFreq
 .text.HAL_RCC_GetPCLK1Freq
                0x00000000080094f0       0x20 build/stm32f7xx_hal_rcc.o
                0x00000000080094f0                HAL_RCC_GetPCLK1Freq
 .text.HAL_RCC_GetPCLK2Freq
                0x0000000008009510       0x20 build/stm32f7xx_hal_rcc.o
                0x0000000008009510                HAL_RCC_GetPCLK2Freq
 .text.HAL_RCCEx_PeriphCLKConfig
                0x0000000008009530      0x600 build/stm32f7xx_hal_rcc_ex.o
                0x0000000008009530                HAL_RCCEx_PeriphCLKConfig
 .text.HAL_GPIO_Init
                0x0000000008009b30      0x1ec build/stm32f7xx_hal_gpio.o
                0x0000000008009b30                HAL_GPIO_Init
 .text.HAL_GPIO_WritePin
                0x0000000008009d1c        0xc build/stm32f7xx_hal_gpio.o
                0x0000000008009d1c                HAL_GPIO_WritePin
 .text.HAL_PWR_EnableBkUpAccess
                0x0000000008009d28       0x10 build/stm32f7xx_hal_pwr.o
                0x0000000008009d28                HAL_PWR_EnableBkUpAccess
 .text.HAL_PWREx_EnableOverDrive
                0x0000000008009d38       0x7c build/stm32f7xx_hal_pwr_ex.o
                0x0000000008009d38                HAL_PWREx_EnableOverDrive
 .text.HAL_NVIC_SetPriorityGrouping
                0x0000000008009db4       0x24 build/stm32f7xx_hal_cortex.o
                0x0000000008009db4                HAL_NVIC_SetPriorityGrouping
 .text.HAL_NVIC_SetPriority
                0x0000000008009dd8       0x60 build/stm32f7xx_hal_cortex.o
                0x0000000008009dd8                HAL_NVIC_SetPriority
 .text.HAL_NVIC_EnableIRQ
                0x0000000008009e38       0x1c build/stm32f7xx_hal_cortex.o
                0x0000000008009e38                HAL_NVIC_EnableIRQ
 .text.HAL_SYSTICK_Config
                0x0000000008009e54       0x2c build/stm32f7xx_hal_cortex.o
                0x0000000008009e54                HAL_SYSTICK_Config
 .text.HAL_InitTick
                0x0000000008009e80       0x4c build/stm32f7xx_hal.o
                0x0000000008009e80                HAL_InitTick
 .text.HAL_Init
                0x0000000008009ecc       0x16 build/stm32f7xx_hal.o
                0x0000000008009ecc                HAL_Init
 *fill*         0x0000000008009ee2        0x2 
 .text.HAL_IncTick
                0x0000000008009ee4       0x18 build/stm32f7xx_hal.o
                0x0000000008009ee4                HAL_IncTick
 .text.HAL_GetTick
                0x0000000008009efc        0xc build/stm32f7xx_hal.o
                0x0000000008009efc                HAL_GetTick
 .text.HAL_Delay
                0x0000000008009f08       0x28 build/stm32f7xx_hal.o
                0x0000000008009f08                HAL_Delay
 .text.PCD_WriteEmptyTxFifo
                0x0000000008009f30       0xd2 build/stm32f7xx_hal_pcd.o
 .text.HAL_PCD_Init
                0x000000000800a002      0x130 build/stm32f7xx_hal_pcd.o
                0x000000000800a002                HAL_PCD_Init
 .text.HAL_PCD_Start
                0x000000000800a132       0x2a build/stm32f7xx_hal_pcd.o
                0x000000000800a132                HAL_PCD_Start
 .text.PCD_EP_OutXfrComplete_int
                0x000000000800a15c      0x100 build/stm32f7xx_hal_pcd.o
 .text.PCD_EP_OutSetupPacket_int
                0x000000000800a25c       0x50 build/stm32f7xx_hal_pcd.o
 .text.HAL_PCD_IRQHandler
                0x000000000800a2ac      0x4e8 build/stm32f7xx_hal_pcd.o
                0x000000000800a2ac                HAL_PCD_IRQHandler
 .text.HAL_PCD_SetAddress
                0x000000000800a794       0x28 build/stm32f7xx_hal_pcd.o
                0x000000000800a794                HAL_PCD_SetAddress
 .text.HAL_PCD_EP_Open
                0x000000000800a7bc       0x82 build/stm32f7xx_hal_pcd.o
                0x000000000800a7bc                HAL_PCD_EP_Open
 .text.HAL_PCD_EP_Close
                0x000000000800a83e       0x6e build/stm32f7xx_hal_pcd.o
                0x000000000800a83e                HAL_PCD_EP_Close
 .text.HAL_PCD_EP_Receive
                0x000000000800a8ac       0x5c build/stm32f7xx_hal_pcd.o
                0x000000000800a8ac                HAL_PCD_EP_Receive
 .text.HAL_PCD_EP_GetRxCount
                0x000000000800a908       0x12 build/stm32f7xx_hal_pcd.o
                0x000000000800a908                HAL_PCD_EP_GetRxCount
 .text.HAL_PCD_EP_Transmit
                0x000000000800a91a       0x54 build/stm32f7xx_hal_pcd.o
                0x000000000800a91a                HAL_PCD_EP_Transmit
 .text.HAL_PCD_EP_SetStall
                0x000000000800a96e       0x82 build/stm32f7xx_hal_pcd.o
                0x000000000800a96e                HAL_PCD_EP_SetStall
 .text.HAL_PCD_EP_ClrStall
                0x000000000800a9f0       0x6e build/stm32f7xx_hal_pcd.o
                0x000000000800a9f0                HAL_PCD_EP_ClrStall
 .text.HAL_PCDEx_SetTxFiFo
                0x000000000800aa5e       0x48 build/stm32f7xx_hal_pcd_ex.o
                0x000000000800aa5e                HAL_PCDEx_SetTxFiFo
 .text.HAL_PCDEx_SetRxFiFo
                0x000000000800aaa6        0x8 build/stm32f7xx_hal_pcd_ex.o
                0x000000000800aaa6                HAL_PCDEx_SetRxFiFo
 *fill*         0x000000000800aaae        0x2 
 .text.HAL_PCDEx_ActivateLPM
                0x000000000800aab0       0x28 build/stm32f7xx_hal_pcd_ex.o
                0x000000000800aab0                HAL_PCDEx_ActivateLPM
 .text.USB_CoreReset
                0x000000000800aad8       0x3c build/stm32f7xx_ll_usb.o
 .text.USB_CoreInit
                0x000000000800ab14       0x7c build/stm32f7xx_ll_usb.o
                0x000000000800ab14                USB_CoreInit
 .text.USB_SetTurnaroundTime
                0x000000000800ab90       0xec build/stm32f7xx_ll_usb.o
                0x000000000800ab90                USB_SetTurnaroundTime
 .text.USB_EnableGlobalInt
                0x000000000800ac7c        0xc build/stm32f7xx_ll_usb.o
                0x000000000800ac7c                USB_EnableGlobalInt
 .text.USB_DisableGlobalInt
                0x000000000800ac88        0xc build/stm32f7xx_ll_usb.o
                0x000000000800ac88                USB_DisableGlobalInt
 .text.USB_SetCurrentMode
                0x000000000800ac94       0x30 build/stm32f7xx_ll_usb.o
                0x000000000800ac94                USB_SetCurrentMode
 .text.USB_FlushTxFifo
                0x000000000800acc4       0x28 build/stm32f7xx_ll_usb.o
                0x000000000800acc4                USB_FlushTxFifo
 .text.USB_FlushRxFifo
                0x000000000800acec       0x24 build/stm32f7xx_ll_usb.o
                0x000000000800acec                USB_FlushRxFifo
 .text.USB_SetDevSpeed
                0x000000000800ad10        0xe build/stm32f7xx_ll_usb.o
                0x000000000800ad10                USB_SetDevSpeed
 *fill*         0x000000000800ad1e        0x2 
 .text.USB_DevInit
                0x000000000800ad20      0x1a8 build/stm32f7xx_ll_usb.o
                0x000000000800ad20                USB_DevInit
 .text.USB_GetDevSpeed
                0x000000000800aec8       0x1e build/stm32f7xx_ll_usb.o
                0x000000000800aec8                USB_GetDevSpeed
 *fill*         0x000000000800aee6        0x2 
 .text.USB_ActivateEndpoint
                0x000000000800aee8       0x90 build/stm32f7xx_ll_usb.o
                0x000000000800aee8                USB_ActivateEndpoint
 .text.USB_DeactivateEndpoint
                0x000000000800af78       0xdc build/stm32f7xx_ll_usb.o
                0x000000000800af78                USB_DeactivateEndpoint
 .text.USB_EP0StartXfer
                0x000000000800b054      0x118 build/stm32f7xx_ll_usb.o
                0x000000000800b054                USB_EP0StartXfer
 .text.USB_WritePacket
                0x000000000800b16c       0x28 build/stm32f7xx_ll_usb.o
                0x000000000800b16c                USB_WritePacket
 .text.USB_EPStartXfer
                0x000000000800b194      0x218 build/stm32f7xx_ll_usb.o
                0x000000000800b194                USB_EPStartXfer
 .text.USB_ReadPacket
                0x000000000800b3ac       0x28 build/stm32f7xx_ll_usb.o
                0x000000000800b3ac                USB_ReadPacket
 .text.USB_EPSetStall
                0x000000000800b3d4       0x5a build/stm32f7xx_ll_usb.o
                0x000000000800b3d4                USB_EPSetStall
 .text.USB_EPClearStall
                0x000000000800b42e       0x5c build/stm32f7xx_ll_usb.o
                0x000000000800b42e                USB_EPClearStall
 .text.USB_SetDevAddress
                0x000000000800b48a       0x20 build/stm32f7xx_ll_usb.o
                0x000000000800b48a                USB_SetDevAddress
 .text.USB_DevConnect
                0x000000000800b4aa       0x1c build/stm32f7xx_ll_usb.o
                0x000000000800b4aa                USB_DevConnect
 .text.USB_DevDisconnect
                0x000000000800b4c6       0x1c build/stm32f7xx_ll_usb.o
                0x000000000800b4c6                USB_DevDisconnect
 .text.USB_ReadInterrupts
                0x000000000800b4e2        0x8 build/stm32f7xx_ll_usb.o
                0x000000000800b4e2                USB_ReadInterrupts
 .text.USB_ReadDevAllOutEpInterrupt
                0x000000000800b4ea       0x10 build/stm32f7xx_ll_usb.o
                0x000000000800b4ea                USB_ReadDevAllOutEpInterrupt
 .text.USB_ReadDevAllInEpInterrupt
                0x000000000800b4fa       0x10 build/stm32f7xx_ll_usb.o
                0x000000000800b4fa                USB_ReadDevAllInEpInterrupt
 .text.USB_ReadDevOutEPInterrupt
                0x000000000800b50a       0x12 build/stm32f7xx_ll_usb.o
                0x000000000800b50a                USB_ReadDevOutEPInterrupt
 .text.USB_ReadDevInEPInterrupt
                0x000000000800b51c       0x26 build/stm32f7xx_ll_usb.o
                0x000000000800b51c                USB_ReadDevInEPInterrupt
 .text.USB_GetMode
                0x000000000800b542        0x8 build/stm32f7xx_ll_usb.o
                0x000000000800b542                USB_GetMode
 *fill*         0x000000000800b54a        0x2 
 .text.USB_ActivateSetup
                0x000000000800b54c       0x20 build/stm32f7xx_ll_usb.o
                0x000000000800b54c                USB_ActivateSetup
 .text.USB_EP0_OutStart
                0x000000000800b56c       0x60 build/stm32f7xx_ll_usb.o
                0x000000000800b56c                USB_EP0_OutStart
 .text.UART_SetConfig
                0x000000000800b5cc      0x32c build/stm32f7xx_hal_uart.o
                0x000000000800b5cc                UART_SetConfig
 .text.UART_AdvFeatureConfig
                0x000000000800b8f8       0xca build/stm32f7xx_hal_uart.o
                0x000000000800b8f8                UART_AdvFeatureConfig
 .text.UART_WaitOnFlagUntilTimeout
                0x000000000800b9c2       0xa2 build/stm32f7xx_hal_uart.o
                0x000000000800b9c2                UART_WaitOnFlagUntilTimeout
 .text.UART_CheckIdleState
                0x000000000800ba64       0x70 build/stm32f7xx_hal_uart.o
                0x000000000800ba64                UART_CheckIdleState
 .text.HAL_UART_Init
                0x000000000800bad4       0x64 build/stm32f7xx_hal_uart.o
                0x000000000800bad4                HAL_UART_Init
 .text.SystemInit
                0x000000000800bb38       0x14 build/system_stm32f7xx.o
                0x000000000800bb38                SystemInit
 .text.ethernet_input
                0x000000000800bb4c       0xa8 build/ethernet.o
                0x000000000800bb4c                ethernet_input
 .text.ethernet_output
                0x000000000800bbf4       0x70 build/ethernet.o
                0x000000000800bbf4                ethernet_output
 .text.tcp_remove_listener
                0x000000000800bc64       0x34 build/tcp.o
 .text.tcp_listen_closed
                0x000000000800bc98       0x58 build/tcp.o
 .text.tcp_free_listen
                0x000000000800bcf0       0x30 build/tcp.o
 .text.tcp_close_shutdown_fin
                0x000000000800bd20       0x88 build/tcp.o
 .text.tcp_handle_closepend
                0x000000000800bda8       0x2c build/tcp.o
 .text.tcp_init
                0x000000000800bdd4       0x18 build/tcp.o
                0x000000000800bdd4                tcp_init
 .text.tcp_free
                0x000000000800bdec       0x30 build/tcp.o
                0x000000000800bdec                tcp_free
 .text.tcp_update_rcv_ann_wnd
                0x000000000800be1c       0x74 build/tcp.o
                0x000000000800be1c                tcp_update_rcv_ann_wnd
 .text.tcp_recved
                0x000000000800be90       0x78 build/tcp.o
                0x000000000800be90                tcp_recved
 .text.tcp_seg_free
                0x000000000800bf08       0x1a build/tcp.o
                0x000000000800bf08                tcp_seg_free
 .text.tcp_segs_free
                0x000000000800bf22       0x14 build/tcp.o
                0x000000000800bf22                tcp_segs_free
 *fill*         0x000000000800bf36        0x2 
 .text.tcp_seg_copy
                0x000000000800bf38       0x48 build/tcp.o
                0x000000000800bf38                tcp_seg_copy
 .text.tcp_next_iss
                0x000000000800bf80       0x38 build/tcp.o
                0x000000000800bf80                tcp_next_iss
 .text.tcp_eff_send_mss_netif
                0x000000000800bfb8       0x48 build/tcp.o
                0x000000000800bfb8                tcp_eff_send_mss_netif
 .text.tcp_free_ooseq
                0x000000000800c000       0x16 build/tcp.o
                0x000000000800c000                tcp_free_ooseq
 *fill*         0x000000000800c016        0x2 
 .text.tcp_pcb_purge
                0x000000000800c018       0x64 build/tcp.o
                0x000000000800c018                tcp_pcb_purge
 .text.tcp_pcb_remove
                0x000000000800c07c       0xd0 build/tcp.o
                0x000000000800c07c                tcp_pcb_remove
 .text.tcp_abandon
                0x000000000800c14c      0x10c build/tcp.o
                0x000000000800c14c                tcp_abandon
 .text.tcp_abort
                0x000000000800c258        0xa build/tcp.o
                0x000000000800c258                tcp_abort
 *fill*         0x000000000800c262        0x2 
 .text.tcp_kill_timewait
                0x000000000800c264       0x34 build/tcp.o
 .text.tcp_kill_prio
                0x000000000800c298       0x50 build/tcp.o
 .text.tcp_netif_ip_addr_changed_pcblist
                0x000000000800c2e8       0x40 build/tcp.o
 .text.tcp_netif_ip_addr_changed
                0x000000000800c328       0x54 build/tcp.o
                0x000000000800c328                tcp_netif_ip_addr_changed
 .text.tcp_kill_state
                0x000000000800c37c       0x60 build/tcp.o
 .text.tcp_alloc
                0x000000000800c3dc       0xc4 build/tcp.o
                0x000000000800c3dc                tcp_alloc
 .text.tcp_close_shutdown
                0x000000000800c4a0      0x14c build/tcp.o
 .text.tcp_close
                0x000000000800c5ec       0x40 build/tcp.o
                0x000000000800c5ec                tcp_close
 .text.tcp_recv_null
                0x000000000800c62c       0x48 build/tcp.o
                0x000000000800c62c                tcp_recv_null
 .text.tcp_process_refused_data
                0x000000000800c674       0x90 build/tcp.o
                0x000000000800c674                tcp_process_refused_data
 .text.tcp_fasttmr
                0x000000000800c704       0x80 build/tcp.o
                0x000000000800c704                tcp_fasttmr
 .text.tcp_slowtmr
                0x000000000800c784      0x4a8 build/tcp.o
                0x000000000800c784                tcp_slowtmr
 .text.tcp_tmr  0x000000000800cc2c       0x24 build/tcp.o
                0x000000000800cc2c                tcp_tmr
 .text.pbuf_pool_is_empty
                0x000000000800cc50        0xc build/pbuf.o
 .text.pbuf_init_alloced_pbuf
                0x000000000800cc5c       0x24 build/pbuf.o
 .text.pbuf_add_header_impl
                0x000000000800cc80       0x7c build/pbuf.o
 .text.pbuf_alloc_reference
                0x000000000800ccfc       0x50 build/pbuf.o
                0x000000000800ccfc                pbuf_alloc_reference
 .text.pbuf_alloced_custom
                0x000000000800cd4c       0x3a build/pbuf.o
                0x000000000800cd4c                pbuf_alloced_custom
 .text.pbuf_add_header
                0x000000000800cd86        0xa build/pbuf.o
                0x000000000800cd86                pbuf_add_header
 .text.pbuf_remove_header
                0x000000000800cd90       0x6c build/pbuf.o
                0x000000000800cd90                pbuf_remove_header
 .text.pbuf_header_impl
                0x000000000800cdfc       0x14 build/pbuf.o
 .text.pbuf_header_force
                0x000000000800ce10        0xa build/pbuf.o
                0x000000000800ce10                pbuf_header_force
 *fill*         0x000000000800ce1a        0x2 
 .text.pbuf_free
                0x000000000800ce1c       0xc8 build/pbuf.o
                0x000000000800ce1c                pbuf_free
 .text.pbuf_alloc
                0x000000000800cee4      0x15c build/pbuf.o
                0x000000000800cee4                pbuf_alloc
 .text.pbuf_realloc
                0x000000000800d040       0xa8 build/pbuf.o
                0x000000000800d040                pbuf_realloc
 .text.pbuf_clen
                0x000000000800d0e8       0x12 build/pbuf.o
                0x000000000800d0e8                pbuf_clen
 *fill*         0x000000000800d0fa        0x2 
 .text.pbuf_ref
                0x000000000800d0fc       0x30 build/pbuf.o
                0x000000000800d0fc                pbuf_ref
 .text.pbuf_cat
                0x000000000800d12c       0x78 build/pbuf.o
                0x000000000800d12c                pbuf_cat
 .text.pbuf_chain
                0x000000000800d1a4       0x10 build/pbuf.o
                0x000000000800d1a4                pbuf_chain
 .text.pbuf_copy
                0x000000000800d1b4      0x134 build/pbuf.o
                0x000000000800d1b4                pbuf_copy
 .text.pbuf_copy_partial
                0x000000000800d2e8       0x8c build/pbuf.o
                0x000000000800d2e8                pbuf_copy_partial
 .text.pbuf_clone
                0x000000000800d374       0x38 build/pbuf.o
                0x000000000800d374                pbuf_clone
 .text.sys_timeout_abs
                0x000000000800d3ac       0x70 build/timeouts.o
 .text.lwip_cyclic_timer
                0x000000000800d41c       0x3c build/timeouts.o
 .text.sys_timeout
                0x000000000800d458       0x3c build/timeouts.o
                0x000000000800d458                sys_timeout
 .text.tcp_timer_needed
                0x000000000800d494       0x3c build/timeouts.o
                0x000000000800d494                tcp_timer_needed
 .text.tcpip_tcp_timer
                0x000000000800d4d0       0x38 build/timeouts.o
 .text.sys_timeouts_init
                0x000000000800d508       0x28 build/timeouts.o
                0x000000000800d508                sys_timeouts_init
 .text.tcp_output_segment_busy
                0x000000000800d530       0x34 build/tcp_out.o
 .text.tcp_output_fill_options
                0x000000000800d564       0x54 build/tcp_out.o
 .text.tcp_create_segment
                0x000000000800d5b8       0xf0 build/tcp_out.o
 .text.tcp_output_alloc_header_common
                0x000000000800d6a8       0x98 build/tcp_out.o
 .text.tcp_output_alloc_header
                0x000000000800d740       0x58 build/tcp_out.o
 .text.tcp_route
                0x000000000800d798       0x16 build/tcp_out.o
 *fill*         0x000000000800d7ae        0x2 
 .text.tcp_output_segment
                0x000000000800d7b0      0x144 build/tcp_out.o
 .text.tcp_output_control_segment
                0x000000000800d8f4       0x6c build/tcp_out.o
 .text.tcp_split_unsent_seg
                0x000000000800d960      0x1d8 build/tcp_out.o
                0x000000000800d960                tcp_split_unsent_seg
 .text.tcp_enqueue_flags
                0x000000000800db38      0x168 build/tcp_out.o
                0x000000000800db38                tcp_enqueue_flags
 .text.tcp_send_fin
                0x000000000800dca0       0x64 build/tcp_out.o
                0x000000000800dca0                tcp_send_fin
 .text.tcp_rexmit_rto_prepare
                0x000000000800dd04       0x94 build/tcp_out.o
                0x000000000800dd04                tcp_rexmit_rto_prepare
 .text.tcp_rexmit
                0x000000000800dd98       0x8c build/tcp_out.o
                0x000000000800dd98                tcp_rexmit
 .text.tcp_rexmit_fast
                0x000000000800de24       0x80 build/tcp_out.o
                0x000000000800de24                tcp_rexmit_fast
 .text.tcp_rst  0x000000000800dea4       0x90 build/tcp_out.o
                0x000000000800dea4                tcp_rst
 .text.tcp_send_empty_ack
                0x000000000800df34       0x78 build/tcp_out.o
                0x000000000800df34                tcp_send_empty_ack
 .text.tcp_output
                0x000000000800dfac      0x2d0 build/tcp_out.o
                0x000000000800dfac                tcp_output
 .text.tcp_rexmit_rto_commit
                0x000000000800e27c       0x38 build/tcp_out.o
                0x000000000800e27c                tcp_rexmit_rto_commit
 .text.tcp_rexmit_rto
                0x000000000800e2b4       0x34 build/tcp_out.o
                0x000000000800e2b4                tcp_rexmit_rto
 .text.tcp_keepalive
                0x000000000800e2e8       0x5c build/tcp_out.o
                0x000000000800e2e8                tcp_keepalive
 .text.tcp_zero_window_probe
                0x000000000800e344       0xe0 build/tcp_out.o
                0x000000000800e344                tcp_zero_window_probe
 .text.netif_do_set_netmask
                0x000000000800e424       0x18 build/netif.o
 .text.netif_do_set_gw
                0x000000000800e43c       0x18 build/netif.o
 .text.netif_null_output_ip4
                0x000000000800e454        0x6 build/netif.o
 .text.netif_do_ip_addr_changed
                0x000000000800e45a       0x14 build/netif.o
 *fill*         0x000000000800e46e        0x2 
 .text.netif_issue_reports
                0x000000000800e470       0x50 build/netif.o
 .text.netif_do_set_ipaddr
                0x000000000800e4c0       0x6c build/netif.o
 .text.netif_init
                0x000000000800e52c        0x2 build/netif.o
                0x000000000800e52c                netif_init
 *fill*         0x000000000800e52e        0x2 
 .text.netif_set_addr
                0x000000000800e530       0x6c build/netif.o
                0x000000000800e530                netif_set_addr
 .text.netif_add
                0x000000000800e59c      0x124 build/netif.o
                0x000000000800e59c                netif_add
 .text.netif_set_default
                0x000000000800e6c0        0xc build/netif.o
                0x000000000800e6c0                netif_set_default
 .text.netif_set_up
                0x000000000800e6cc       0x3c build/netif.o
                0x000000000800e6cc                netif_set_up
 .text.netif_set_down
                0x000000000800e708       0x40 build/netif.o
                0x000000000800e708                netif_set_down
 .text.netif_set_link_callback
                0x000000000800e748        0x6 build/netif.o
                0x000000000800e748                netif_set_link_callback
 *fill*         0x000000000800e74e        0x2 
 .text.netif_get_by_index
                0x000000000800e750       0x24 build/netif.o
                0x000000000800e750                netif_get_by_index
 .text.do_memp_malloc_pool
                0x000000000800e774       0x38 build/memp.o
 .text.do_memp_free_pool
                0x000000000800e7ac       0x34 build/memp.o
 .text.memp_init_pool
                0x000000000800e7e0       0x28 build/memp.o
                0x000000000800e7e0                memp_init_pool
 .text.memp_init
                0x000000000800e808       0x20 build/memp.o
                0x000000000800e808                memp_init
 .text.memp_malloc
                0x000000000800e828       0x34 build/memp.o
                0x000000000800e828                memp_malloc
 .text.memp_free
                0x000000000800e85c       0x34 build/memp.o
                0x000000000800e85c                memp_free
 .text.udp_new_port
                0x000000000800e890       0x4c build/udp.o
 .text.udp_input_local_match
                0x000000000800e8dc       0xa0 build/udp.o
 .text.udp_init
                0x000000000800e97c       0x18 build/udp.o
                0x000000000800e97c                udp_init
 .text.udp_input
                0x000000000800e994      0x190 build/udp.o
                0x000000000800e994                udp_input
 .text.udp_bind
                0x000000000800eb24       0xbc build/udp.o
                0x000000000800eb24                udp_bind
 .text.udp_sendto_if_src
                0x000000000800ebe0      0x178 build/udp.o
                0x000000000800ebe0                udp_sendto_if_src
 .text.udp_sendto_if
                0x000000000800ed58       0xa8 build/udp.o
                0x000000000800ed58                udp_sendto_if
 .text.udp_connect
                0x000000000800ee00       0x88 build/udp.o
                0x000000000800ee00                udp_connect
 .text.udp_recv
                0x000000000800ee88       0x28 build/udp.o
                0x000000000800ee88                udp_recv
 .text.udp_remove
                0x000000000800eeb0       0x54 build/udp.o
                0x000000000800eeb0                udp_remove
 .text.udp_new  0x000000000800ef04       0x1c build/udp.o
                0x000000000800ef04                udp_new
 .text.udp_netif_ip_addr_changed
                0x000000000800ef20       0x34 build/udp.o
                0x000000000800ef20                udp_netif_ip_addr_changed
 .text.tcp_get_next_optbyte
                0x000000000800ef54       0x3c build/tcp_in.o
 .text.tcp_parseopt
                0x000000000800ef90       0xa4 build/tcp_in.o
 .text.tcp_input_delayed_close
                0x000000000800f034       0x60 build/tcp_in.o
 .text.tcp_timewait_input
                0x000000000800f094       0xb4 build/tcp_in.o
 .text.tcp_listen_input
                0x000000000800f148      0x150 build/tcp_in.o
 .text.tcp_free_acked_segments
                0x000000000800f298       0xc0 build/tcp_in.o
 .text.tcp_oos_insert_segment
                0x000000000800f358       0xa4 build/tcp_in.o
 .text.tcp_receive
                0x000000000800f3fc      0x964 build/tcp_in.o
 .text.tcp_process
                0x000000000800fd60      0x59c build/tcp_in.o
 .text.tcp_input
                0x00000000080102fc      0x5ac build/tcp_in.o
                0x00000000080102fc                tcp_input
 .text.tcp_trigger_input_pcb_close
                0x00000000080108a8       0x10 build/tcp_in.o
                0x00000000080108a8                tcp_trigger_input_pcb_close
 .text.lwip_htons
                0x00000000080108b8        0xa build/def.o
                0x00000000080108b8                lwip_htons
 .text.lwip_htonl
                0x00000000080108c2       0x18 build/def.o
                0x00000000080108c2                lwip_htonl
 .text.lwip_init
                0x00000000080108da       0x1c build/init.o
                0x00000000080108da                lwip_init
 *fill*         0x00000000080108f6        0x2 
 .text.ptr_to_mem
                0x00000000080108f8        0xc build/mem.o
 .text.mem_to_ptr
                0x0000000008010904       0x10 build/mem.o
 .text.mem_link_valid
                0x0000000008010914       0x5c build/mem.o
 .text.plug_holes
                0x0000000008010970      0x100 build/mem.o
 .text.mem_init
                0x0000000008010a70       0x40 build/mem.o
                0x0000000008010a70                mem_init
 .text.mem_free
                0x0000000008010ab0       0xb4 build/mem.o
                0x0000000008010ab0                mem_free
 .text.mem_trim
                0x0000000008010b64      0x184 build/mem.o
                0x0000000008010b64                mem_trim
 .text.mem_malloc
                0x0000000008010ce8      0x174 build/mem.o
                0x0000000008010ce8                mem_malloc
 .text.ip_reass_dequeue_datagram
                0x0000000008010e5c       0x48 build/ip4_frag.o
 .text.ip_reass_free_complete_datagram
                0x0000000008010ea4      0x10c build/ip4_frag.o
 .text.ip_reass_remove_oldest_datagram
                0x0000000008010fb0       0x84 build/ip4_frag.o
 .text.ip_frag_free_pbuf_custom_ref
                0x0000000008011034       0x2c build/ip4_frag.o
 .text.ipfrag_free_pbuf_custom
                0x0000000008011060       0x34 build/ip4_frag.o
 .text.ip_reass_chain_frag_into_datagram_and_validate
                0x0000000008011094      0x1c0 build/ip4_frag.o
 .text.ip_frag_alloc_pbuf_custom_ref
                0x0000000008011254        0xa build/ip4_frag.o
 *fill*         0x000000000801125e        0x2 
 .text.ip_reass_enqueue_new_datagram
                0x0000000008011260       0x60 build/ip4_frag.o
 .text.ip_reass_tmr
                0x00000000080112c0       0x2c build/ip4_frag.o
                0x00000000080112c0                ip_reass_tmr
 .text.ip4_reass
                0x00000000080112ec      0x21c build/ip4_frag.o
                0x00000000080112ec                ip4_reass
 .text.ip4_frag
                0x0000000008011508      0x1ec build/ip4_frag.o
                0x0000000008011508                ip4_frag
 .text.dhcp_set_state
                0x00000000080116f4       0x10 build/dhcp.o
 .text.dhcp_option_short
                0x0000000008011704       0x3c build/dhcp.o
 .text.dhcp_option
                0x0000000008011740       0x3c build/dhcp.o
 .text.dhcp_option_byte
                0x000000000801177c       0x30 build/dhcp.o
 .text.dhcp_option_long
                0x00000000080117ac       0x50 build/dhcp.o
 .text.dhcp_create_msg
                0x00000000080117fc      0x13c build/dhcp.o
 .text.dhcp_handle_ack
                0x0000000008011938       0x7c build/dhcp.o
 .text.dhcp_option_trailer
                0x00000000080119b4       0x32 build/dhcp.o
 *fill*         0x00000000080119e6        0x2 
 .text.dhcp_rebind
                0x00000000080119e8       0xf0 build/dhcp.o
 .text.dhcp_t2_timeout
                0x0000000008011ad8       0x36 build/dhcp.o
 *fill*         0x0000000008011b0e        0x2 
 .text.dhcp_reboot
                0x0000000008011b10      0x114 build/dhcp.o
 .text.dhcp_select
                0x0000000008011c24      0x180 build/dhcp.o
 .text.dhcp_handle_offer
                0x0000000008011da4       0x30 build/dhcp.o
 .text.dhcp_discover
                0x0000000008011dd4       0xf4 build/dhcp.o
 .text.dhcp_decline
                0x0000000008011ec8       0x9c build/dhcp.o
 .text.dhcp_check
                0x0000000008011f64       0x2a build/dhcp.o
 *fill*         0x0000000008011f8e        0x2 
 .text.dhcp_bind
                0x0000000008011f90      0x128 build/dhcp.o
 .text.dhcp_handle_nak
                0x00000000080120b8       0x24 build/dhcp.o
 .text.dhcp_dec_pcb_refcount
                0x00000000080120dc       0x48 build/dhcp.o
 .text.dhcp_inc_pcb_refcount
                0x0000000008012124       0x7c build/dhcp.o
 .text.dhcp_parse_reply
                0x00000000080121a0      0x490 build/dhcp.o
 .text.dhcp_recv
                0x0000000008012630       0xec build/dhcp.o
 .text.dhcp_arp_reply
                0x000000000801271c       0x40 build/dhcp.o
                0x000000000801271c                dhcp_arp_reply
 .text.dhcp_renew
                0x000000000801275c       0xf0 build/dhcp.o
                0x000000000801275c                dhcp_renew
 .text.dhcp_t1_timeout
                0x000000000801284c       0x32 build/dhcp.o
 .text.dhcp_supplied_address
                0x000000000801287e       0x2a build/dhcp.o
                0x000000000801287e                dhcp_supplied_address
 .text.dhcp_release_and_stop
                0x00000000080128a8       0xc4 build/dhcp.o
                0x00000000080128a8                dhcp_release_and_stop
 .text.dhcp_start
                0x000000000801296c       0xc4 build/dhcp.o
                0x000000000801296c                dhcp_start
 .text.dhcp_coarse_tmr
                0x0000000008012a30       0x64 build/dhcp.o
                0x0000000008012a30                dhcp_coarse_tmr
 .text.dhcp_timeout
                0x0000000008012a94       0x60 build/dhcp.o
 .text.dhcp_fine_tmr
                0x0000000008012af4       0x34 build/dhcp.o
                0x0000000008012af4                dhcp_fine_tmr
 .text.ip4_input_accept
                0x0000000008012b28       0x38 build/ip4.o
 .text.ip4_route
                0x0000000008012b60       0xb8 build/ip4.o
                0x0000000008012b60                ip4_route
 .text.ip4_input
                0x0000000008012c18      0x1b4 build/ip4.o
                0x0000000008012c18                ip4_input
 .text.ip4_output_if_src
                0x0000000008012dcc      0x100 build/ip4.o
                0x0000000008012dcc                ip4_output_if_src
 .text.ip4_output_if
                0x0000000008012ecc       0x2a build/ip4.o
                0x0000000008012ecc                ip4_output_if
 *fill*         0x0000000008012ef6        0x2 
 .text.icmp_send_response
                0x0000000008012ef8       0xb0 build/icmp.o
 .text.icmp_input
                0x0000000008012fa8      0x148 build/icmp.o
                0x0000000008012fa8                icmp_input
 .text.icmp_dest_unreach
                0x00000000080130f0        0xc build/icmp.o
                0x00000000080130f0                icmp_dest_unreach
 .text.icmp_time_exceeded
                0x00000000080130fc        0xc build/icmp.o
                0x00000000080130fc                icmp_time_exceeded
 .text.etharp_free_entry
                0x0000000008013108       0x34 build/etharp.o
 .text.etharp_find_entry
                0x000000000801313c      0x1cc build/etharp.o
 .text.etharp_update_arp_entry
                0x0000000008013308       0xcc build/etharp.o
 .text.etharp_raw
                0x00000000080133d4       0xe4 build/etharp.o
 .text.etharp_request_dst
                0x00000000080134b8       0x28 build/etharp.o
 .text.etharp_cleanup_netif
                0x00000000080134e0       0x38 build/etharp.o
                0x00000000080134e0                etharp_cleanup_netif
 .text.etharp_input
                0x0000000008013518       0xc4 build/etharp.o
                0x0000000008013518                etharp_input
 .text.etharp_request
                0x00000000080135dc       0x10 build/etharp.o
                0x00000000080135dc                etharp_request
 .text.etharp_tmr
                0x00000000080135ec       0x88 build/etharp.o
                0x00000000080135ec                etharp_tmr
 .text.etharp_output_to_arp_index
                0x0000000008013674       0xd4 build/etharp.o
 .text.etharp_query
                0x0000000008013748      0x1b8 build/etharp.o
                0x0000000008013748                etharp_query
 .text.etharp_output
                0x0000000008013900      0x178 build/etharp.o
                0x0000000008013900                etharp_output
 .text.ip4_addr_isbroadcast_u32
                0x0000000008013a78       0x40 build/ip4_addr.o
                0x0000000008013a78                ip4_addr_isbroadcast_u32
 .text.USBD_Init
                0x0000000008013ab8       0x38 build/usbd_core.o
                0x0000000008013ab8                USBD_Init
 .text.USBD_RegisterClass
                0x0000000008013af0       0x28 build/usbd_core.o
                0x0000000008013af0                USBD_RegisterClass
 .text.USBD_Start
                0x0000000008013b18        0x8 build/usbd_core.o
                0x0000000008013b18                USBD_Start
 .text.USBD_SetClassConfig
                0x0000000008013b20       0x12 build/usbd_core.o
                0x0000000008013b20                USBD_SetClassConfig
 .text.USBD_ClrClassConfig
                0x0000000008013b32       0x10 build/usbd_core.o
                0x0000000008013b32                USBD_ClrClassConfig
 .text.USBD_LL_SetupStage
                0x0000000008013b42       0x58 build/usbd_core.o
                0x0000000008013b42                USBD_LL_SetupStage
 .text.USBD_LL_DataOutStage
                0x0000000008013b9a       0x74 build/usbd_core.o
                0x0000000008013b9a                USBD_LL_DataOutStage
 .text.USBD_LL_DataInStage
                0x0000000008013c0e       0xb8 build/usbd_core.o
                0x0000000008013c0e                USBD_LL_DataInStage
 .text.USBD_LL_Reset
                0x0000000008013cc6       0x52 build/usbd_core.o
                0x0000000008013cc6                USBD_LL_Reset
 .text.USBD_LL_SetSpeed
                0x0000000008013d18        0x6 build/usbd_core.o
                0x0000000008013d18                USBD_LL_SetSpeed
 .text.USBD_LL_Suspend
                0x0000000008013d1e       0x12 build/usbd_core.o
                0x0000000008013d1e                USBD_LL_Suspend
 .text.USBD_LL_Resume
                0x0000000008013d30       0x16 build/usbd_core.o
                0x0000000008013d30                USBD_LL_Resume
 .text.USBD_LL_SOF
                0x0000000008013d46       0x1c build/usbd_core.o
                0x0000000008013d46                USBD_LL_SOF
 .text.USBD_LL_IsoINIncomplete
                0x0000000008013d62        0x4 build/usbd_core.o
                0x0000000008013d62                USBD_LL_IsoINIncomplete
 .text.USBD_LL_IsoOUTIncomplete
                0x0000000008013d66        0x4 build/usbd_core.o
                0x0000000008013d66                USBD_LL_IsoOUTIncomplete
 .text.USBD_LL_DevConnected
                0x0000000008013d6a        0x4 build/usbd_core.o
                0x0000000008013d6a                USBD_LL_DevConnected
 .text.USBD_LL_DevDisconnected
                0x0000000008013d6e       0x18 build/usbd_core.o
                0x0000000008013d6e                USBD_LL_DevDisconnected
 .text.USBD_GetLen
                0x0000000008013d86       0x14 build/usbd_ctlreq.o
 .text.USBD_SetFeature
                0x0000000008013d9a       0x14 build/usbd_ctlreq.o
 .text.USBD_ParseSetupRequest
                0x0000000008013dae       0x28 build/usbd_ctlreq.o
                0x0000000008013dae                USBD_ParseSetupRequest
 .text.USBD_CtlError
                0x0000000008013dd6       0x14 build/usbd_ctlreq.o
                0x0000000008013dd6                USBD_CtlError
 .text.USBD_GetDescriptor
                0x0000000008013dea      0x200 build/usbd_ctlreq.o
 .text.USBD_SetAddress
                0x0000000008013fea       0x4e build/usbd_ctlreq.o
 .text.USBD_SetConfig
                0x0000000008014038       0xc8 build/usbd_ctlreq.o
 .text.USBD_GetConfig
                0x0000000008014100       0x3c build/usbd_ctlreq.o
 .text.USBD_GetStatus
                0x000000000801413c       0x38 build/usbd_ctlreq.o
 .text.USBD_ClrFeature
                0x0000000008014174       0x26 build/usbd_ctlreq.o
 .text.USBD_StdDevReq
                0x000000000801419a       0x76 build/usbd_ctlreq.o
                0x000000000801419a                USBD_StdDevReq
 .text.USBD_StdItfReq
                0x0000000008014210       0x68 build/usbd_ctlreq.o
                0x0000000008014210                USBD_StdItfReq
 .text.USBD_StdEPReq
                0x0000000008014278      0x208 build/usbd_ctlreq.o
                0x0000000008014278                USBD_StdEPReq
 .text.USBD_GetString
                0x0000000008014480       0x38 build/usbd_ctlreq.o
                0x0000000008014480                USBD_GetString
 .text.USBD_CtlSendData
                0x00000000080144b8       0x1a build/usbd_ioreq.o
                0x00000000080144b8                USBD_CtlSendData
 .text.USBD_CtlContinueSendData
                0x00000000080144d2       0x10 build/usbd_ioreq.o
                0x00000000080144d2                USBD_CtlContinueSendData
 .text.USBD_CtlPrepareRx
                0x00000000080144e2       0x1e build/usbd_ioreq.o
                0x00000000080144e2                USBD_CtlPrepareRx
 .text.USBD_CtlContinueRx
                0x0000000008014500       0x10 build/usbd_ioreq.o
                0x0000000008014500                USBD_CtlContinueRx
 .text.USBD_CtlSendStatus
                0x0000000008014510       0x16 build/usbd_ioreq.o
                0x0000000008014510                USBD_CtlSendStatus
 .text.USBD_CtlReceiveStatus
                0x0000000008014526       0x16 build/usbd_ioreq.o
                0x0000000008014526                USBD_CtlReceiveStatus
 .text.USBD_CDC_EP0_RxReady
                0x000000000801453c       0x28 build/usbd_cdc.o
 .text.USBD_CDC_GetFSCfgDesc
                0x0000000008014564        0xc build/usbd_cdc.o
 .text.USBD_CDC_GetHSCfgDesc
                0x0000000008014570        0xc build/usbd_cdc.o
 .text.USBD_CDC_GetOtherSpeedCfgDesc
                0x000000000801457c        0xc build/usbd_cdc.o
 .text.USBD_CDC_GetDeviceQualifierDescriptor
                0x0000000008014588        0xc build/usbd_cdc.o
                0x0000000008014588                USBD_CDC_GetDeviceQualifierDescriptor
 .text.USBD_CDC_DataOut
                0x0000000008014594       0x2a build/usbd_cdc.o
 .text.USBD_CDC_DataIn
                0x00000000080145be       0x64 build/usbd_cdc.o
 .text.USBD_CDC_Setup
                0x0000000008014622       0xe8 build/usbd_cdc.o
 .text.USBD_CDC_DeInit
                0x000000000801470a       0x48 build/usbd_cdc.o
 .text.USBD_CDC_Init
                0x0000000008014752       0xc2 build/usbd_cdc.o
 .text.USBD_CDC_RegisterInterface
                0x0000000008014814        0xe build/usbd_cdc.o
                0x0000000008014814                USBD_CDC_RegisterInterface
 .text.USBD_CDC_SetTxBuffer
                0x0000000008014822       0x10 build/usbd_cdc.o
                0x0000000008014822                USBD_CDC_SetTxBuffer
 .text.USBD_CDC_SetRxBuffer
                0x0000000008014832        0xc build/usbd_cdc.o
                0x0000000008014832                USBD_CDC_SetRxBuffer
 .text.USBD_CDC_ReceivePacket
                0x000000000801483e       0x32 build/usbd_cdc.o
                0x000000000801483e                USBD_CDC_ReceivePacket
 .text.Reset_Handler
                0x0000000008014870       0x50 build/startup_stm32f767xx.o
                0x0000000008014870                Reset_Handler
 .text.Default_Handler
                0x00000000080148c0        0x2 build/startup_stm32f767xx.o
                0x00000000080148c0                RTC_Alarm_IRQHandler
                0x00000000080148c0                EXTI2_IRQHandler
                0x00000000080148c0                TIM8_CC_IRQHandler
                0x00000000080148c0                UART8_IRQHandler
                0x00000000080148c0                SPI4_IRQHandler
                0x00000000080148c0                TIM1_CC_IRQHandler
                0x00000000080148c0                DMA2_Stream5_IRQHandler
                0x00000000080148c0                JPEG_IRQHandler
                0x00000000080148c0                DMA1_Stream5_IRQHandler
                0x00000000080148c0                CAN3_RX1_IRQHandler
                0x00000000080148c0                PVD_IRQHandler
                0x00000000080148c0                TAMP_STAMP_IRQHandler
                0x00000000080148c0                CAN2_RX1_IRQHandler
                0x00000000080148c0                EXTI3_IRQHandler
                0x00000000080148c0                TIM8_TRG_COM_TIM14_IRQHandler
                0x00000000080148c0                DFSDM1_FLT1_IRQHandler
                0x00000000080148c0                TIM1_UP_TIM10_IRQHandler
                0x00000000080148c0                TIM8_UP_TIM13_IRQHandler
                0x00000000080148c0                I2C3_ER_IRQHandler
                0x00000000080148c0                DFSDM1_FLT2_IRQHandler
                0x00000000080148c0                EXTI0_IRQHandler
                0x00000000080148c0                I2C2_EV_IRQHandler
                0x00000000080148c0                DMA1_Stream2_IRQHandler
                0x00000000080148c0                CAN1_RX0_IRQHandler
                0x00000000080148c0                FPU_IRQHandler
                0x00000000080148c0                OTG_HS_WKUP_IRQHandler
                0x00000000080148c0                CAN3_SCE_IRQHandler
                0x00000000080148c0                LTDC_ER_IRQHandler
                0x00000000080148c0                CAN2_SCE_IRQHandler
                0x00000000080148c0                DMA2_Stream2_IRQHandler
                0x00000000080148c0                SPI1_IRQHandler
                0x00000000080148c0                TIM6_DAC_IRQHandler
                0x00000000080148c0                TIM1_BRK_TIM9_IRQHandler
                0x00000000080148c0                DCMI_IRQHandler
                0x00000000080148c0                CAN2_RX0_IRQHandler
                0x00000000080148c0                DMA2_Stream3_IRQHandler
                0x00000000080148c0                SAI2_IRQHandler
                0x00000000080148c0                DFSDM1_FLT3_IRQHandler
                0x00000000080148c0                USART6_IRQHandler
                0x00000000080148c0                CAN3_RX0_IRQHandler
                0x00000000080148c0                USART3_IRQHandler
                0x00000000080148c0                CAN1_RX1_IRQHandler
                0x00000000080148c0                UART5_IRQHandler
                0x00000000080148c0                DMA2_Stream0_IRQHandler
                0x00000000080148c0                TIM4_IRQHandler
                0x00000000080148c0                QUADSPI_IRQHandler
                0x00000000080148c0                I2C1_EV_IRQHandler
                0x00000000080148c0                DMA1_Stream6_IRQHandler
                0x00000000080148c0                DMA1_Stream1_IRQHandler
                0x00000000080148c0                UART4_IRQHandler
                0x00000000080148c0                TIM3_IRQHandler
                0x00000000080148c0                RCC_IRQHandler
                0x00000000080148c0                TIM8_BRK_TIM12_IRQHandler
                0x00000000080148c0                Default_Handler
                0x00000000080148c0                CEC_IRQHandler
                0x00000000080148c0                EXTI15_10_IRQHandler
                0x00000000080148c0                ADC_IRQHandler
                0x00000000080148c0                DMA1_Stream7_IRQHandler
                0x00000000080148c0                SPI5_IRQHandler
                0x00000000080148c0                TIM7_IRQHandler
                0x00000000080148c0                SDMMC1_IRQHandler
                0x00000000080148c0                CAN2_TX_IRQHandler
                0x00000000080148c0                TIM5_IRQHandler
                0x00000000080148c0                DMA2_Stream7_IRQHandler
                0x00000000080148c0                I2C3_EV_IRQHandler
                0x00000000080148c0                EXTI9_5_IRQHandler
                0x00000000080148c0                RTC_WKUP_IRQHandler
                0x00000000080148c0                LTDC_IRQHandler
                0x00000000080148c0                ETH_WKUP_IRQHandler
                0x00000000080148c0                SPDIF_RX_IRQHandler
                0x00000000080148c0                SPI2_IRQHandler
                0x00000000080148c0                OTG_HS_EP1_IN_IRQHandler
                0x00000000080148c0                DMA1_Stream0_IRQHandler
                0x00000000080148c0                CAN1_TX_IRQHandler
                0x00000000080148c0                EXTI4_IRQHandler
                0x00000000080148c0                RNG_IRQHandler
                0x00000000080148c0                ETH_IRQHandler
                0x00000000080148c0                OTG_HS_EP1_OUT_IRQHandler
                0x00000000080148c0                WWDG_IRQHandler
                0x00000000080148c0                SPI6_IRQHandler
                0x00000000080148c0                MDIOS_IRQHandler
                0x00000000080148c0                I2C4_EV_IRQHandler
                0x00000000080148c0                CAN3_TX_IRQHandler
                0x00000000080148c0                TIM2_IRQHandler
                0x00000000080148c0                OTG_FS_WKUP_IRQHandler
                0x00000000080148c0                TIM1_TRG_COM_TIM11_IRQHandler
                0x00000000080148c0                OTG_HS_IRQHandler
                0x00000000080148c0                DMA2D_IRQHandler
                0x00000000080148c0                EXTI1_IRQHandler
                0x00000000080148c0                SDMMC2_IRQHandler
                0x00000000080148c0                UART7_IRQHandler
                0x00000000080148c0                USART2_IRQHandler
                0x00000000080148c0                DFSDM1_FLT0_IRQHandler
                0x00000000080148c0                I2C2_ER_IRQHandler
                0x00000000080148c0                DMA2_Stream1_IRQHandler
                0x00000000080148c0                CAN1_SCE_IRQHandler
                0x00000000080148c0                FLASH_IRQHandler
                0x00000000080148c0                DMA2_Stream4_IRQHandler
                0x00000000080148c0                USART1_IRQHandler
                0x00000000080148c0                SPI3_IRQHandler
                0x00000000080148c0                DMA1_Stream4_IRQHandler
                0x00000000080148c0                I2C1_ER_IRQHandler
                0x00000000080148c0                FMC_IRQHandler
                0x00000000080148c0                LPTIM1_IRQHandler
                0x00000000080148c0                I2C4_ER_IRQHandler
                0x00000000080148c0                DMA2_Stream6_IRQHandler
                0x00000000080148c0                SAI1_IRQHandler
                0x00000000080148c0                DMA1_Stream3_IRQHandler
 .text.Error_Handler
                0x00000000080148c2        0x4 build/main.o
                0x00000000080148c2                Error_Handler
 *fill*         0x00000000080148c6        0x2 
 .text.SystemClock_Config
                0x00000000080148c8       0xd4 build/main.o
                0x00000000080148c8                SystemClock_Config
 .text.main     0x000000000801499c       0x60 build/main.o
                0x000000000801499c                main
 *(.glue_7)
 .glue_7        0x00000000080149fc        0x0 linker stubs
 *(.glue_7t)
 .glue_7t       0x00000000080149fc        0x0 linker stubs
 *(.eh_frame)
 .eh_frame      0x00000000080149fc        0x0 /usr/lib/gcc/arm-none-eabi/6.3.1/thumb/v7e-m/fpv5/hard/crtbegin.o
 *(.init)
 .init          0x00000000080149fc        0x4 /usr/lib/gcc/arm-none-eabi/6.3.1/thumb/v7e-m/fpv5/hard/crti.o
                0x00000000080149fc                _init
 .init          0x0000000008014a00        0x8 /usr/lib/gcc/arm-none-eabi/6.3.1/thumb/v7e-m/fpv5/hard/crtn.o
 *(.fini)
 .fini          0x0000000008014a08        0x4 /usr/lib/gcc/arm-none-eabi/6.3.1/thumb/v7e-m/fpv5/hard/crti.o
                0x0000000008014a08                _fini
 .fini          0x0000000008014a0c        0x8 /usr/lib/gcc/arm-none-eabi/6.3.1/thumb/v7e-m/fpv5/hard/crtn.o
                0x0000000008014a14                . = ALIGN (0x4)
                0x0000000008014a14                _etext = .

.vfp11_veneer   0x0000000008014a14        0x0
 .vfp11_veneer  0x0000000008014a14        0x0 linker stubs

.v4_bx          0x0000000008014a14        0x0
 .v4_bx         0x0000000008014a14        0x0 linker stubs

.iplt           0x0000000008014a14        0x0
 .iplt          0x0000000008014a14        0x0 /usr/lib/gcc/arm-none-eabi/6.3.1/thumb/v7e-m/fpv5/hard/crtbegin.o

.rodata         0x0000000008014a18     0x2860
                0x0000000008014a18                . = ALIGN (0x4)
 *(.rodata)
 .rodata        0x0000000008014a18      0x101 /usr/lib/gcc/arm-none-eabi/6.3.1/../../../arm-none-eabi/lib/thumb/v7e-m/fpv5/hard/libc_nano.a(lib_a-ctype_.o)
                0x0000000008014a18                _ctype_
 *fill*         0x0000000008014b19        0x3 
 .rodata        0x0000000008014b1c        0x4 /usr/lib/gcc/arm-none-eabi/6.3.1/../../../arm-none-eabi/lib/thumb/v7e-m/fpv5/hard/libc_nano.a(lib_a-impure.o)
                0x0000000008014b1c                _global_impure_ptr
 .rodata        0x0000000008014b20       0x50 /usr/lib/gcc/arm-none-eabi/6.3.1/../../../arm-none-eabi/lib/thumb/v7e-m/fpv5/hard/libc_nano.a(lib_a-strtod.o)
 .rodata        0x0000000008014b70       0x60 /usr/lib/gcc/arm-none-eabi/6.3.1/../../../arm-none-eabi/lib/thumb/v7e-m/fpv5/hard/libc_nano.a(lib_a-findfp.o)
                0x0000000008014b70                __sf_fake_stderr
                0x0000000008014b90                __sf_fake_stdout
                0x0000000008014bb0                __sf_fake_stdin
 .rodata        0x0000000008014bd0      0x100 /usr/lib/gcc/arm-none-eabi/6.3.1/../../../arm-none-eabi/lib/thumb/v7e-m/fpv5/hard/libc_nano.a(lib_a-gdtoa-gethex.o)
                0x0000000008014bd0                __hexdig
 .rodata        0x0000000008014cd0      0x128 /usr/lib/gcc/arm-none-eabi/6.3.1/../../../arm-none-eabi/lib/thumb/v7e-m/fpv5/hard/libc_nano.a(lib_a-mprec.o)
                0x0000000008014ce0                __mprec_tens
                0x0000000008014da8                __mprec_tinytens
                0x0000000008014dd0                __mprec_bigtens
 *(.rodata*)
 .rodata.ethernetif_init.str1.4
                0x0000000008014df8       0x54 build/ethernetif.o
 .rodata.USBD_FS_ConfigStrDescriptor.str1.4
                0x0000000008014e4c        0xb build/usbd_desc.o
 *fill*         0x0000000008014e57        0x1 
 .rodata.USBD_FS_InterfaceStrDescriptor.str1.4
                0x0000000008014e58        0xe build/usbd_desc.o
 *fill*         0x0000000008014e66        0x2 
 .rodata.USBD_FS_ManufacturerStrDescriptor.str1.4
                0x0000000008014e68       0x13 build/usbd_desc.o
 *fill*         0x0000000008014e7b        0x1 
 .rodata.USBD_FS_ProductStrDescriptor.str1.4
                0x0000000008014e7c       0x16 build/usbd_desc.o
 *fill*         0x0000000008014e92        0x2 
 .rodata.AHBPrescTable
                0x0000000008014e94       0x10 build/system_stm32f7xx.o
                0x0000000008014e94                AHBPrescTable